Microsoft (R) Macro Assembler Version 14.29.30133.0	    12/05/21 01:08:35
String IO (Proj6_marshmeg.asm				     Page 1 - 1


				TITLE String IO (Proj6_marshmeg.asm)

				; Author: Megan Marshall
				; Last Modified: December 5, 2021
				; OSU email address:marshmeg@oregonstate.edu
				; Course number/section:   CS271 Section 400
				; Project Number: 6               Due Date: December 5, 2021
				; Description: This program uses macros to support string processing and user input/output. It gathers 10 string inputs 
				;				from the user, validates that they are integers in the correct range, sotres them in an array, and
				;				displays the results, their sum, and their truncated average to the user.
				;
				; **Note for my grader: In procedures that employ the USES directive but do not have LOCAL variables,
				;		I've opted to separate the stack offsets for passed parameters from USES stack offsets.
				;		I found this easier to understand and maintain, but if it is not considered correct please let me know!

				INCLUDE Irvine32.inc
			      C ; Include file for Irvine32.lib             (Irvine32.inc)
			      C 
			      C ;OPTION CASEMAP:NONE		; optional: make identifiers case-sensitive
			      C 
			      C INCLUDE SmallWin.inc		; MS-Windows prototypes, structures, and constants
			      C .NOLIST
			      C .LIST
			      C 
			      C INCLUDE VirtualKeys.inc
			      C ; VirtualKeys.inc
			      C .NOLIST
			      C .LIST
			      C 
			      C 
			      C .NOLIST
			      C .LIST
			      C 

				; ---------------------------------------------------------------------------------
				; Name: mGetString
				;
				; Gets user's keyboard input and writes it to a memory location.
				;
				; Preconditions: None
				;
				; Postconditions: None . Restores original values of all registers used.
				;
				; Receives:	promptMessage = array/string address containing an appropriate message
				;			inputString = array/string address where the user input should be stored
				;			maxLength = value specifying the max number of bytes to accept from the user
				;			bytesRead = address of the DWORD where the number of bytes entered should be stored
				;
				; Returns: Writes user input into the address of inputString. 
				;			Writes the number of bytes entered into the memory location of bytesRead.
				; ---------------------------------------------------------------------------------

				mGetString MACRO promptMessage, inputString, maxLength, bytesRead
					PUSH	EAX
					PUSH	ECX
					PUSH	EDX

					;MOV		EDX, promptMessage
					;CALL	WriteString
					mDisplayString promptMessage
					MOV		ECX, maxLength
					MOV		EDX, inputString
					CALL	ReadString
					; Track how many characters the user entered. ReadString automatically null terminates.
					MOV		EDX, bytesRead
					MOV		[EDX], EAX

					POP		EDX
					POP		ECX
					POP		EAX
				ENDM

				; ---------------------------------------------------------------------------------
				; Name: mDisplayString
				;
				; Displays the string at the specified offset.
				;
				; Preconditions: None
				;
				; Postconditions: Restores original values of all registers used.
				;
				; Receives:	printTarget = array/string address containing an appropriate message
				;
				; Returns: Prints the string at the specified address.
				; ---------------------------------------------------------------------------------
				mDisplayString MACRO printTarget
					PUSH	EDX
					MOV		EDX, printTarget
					CALL	WriteString
					POP		EDX
				ENDM

				; Constants. Defining bounds of valid ASCII inputs so I don't have ambiguous hex values in my code.
 = 0000002D			ASCII_MINUS		EQU		2Dh
 = 0000002B			ASCII_PLUS		EQU		2Bh
 = 00000030			ASCII_ZERO		EQU		30h
 = 00000039			ASCII_NINE		EQU		39h
 = 00000030			ASCII_BASE		EQU		30h
 = 7FFFFFFF			MAX_POS_VALUE	EQU		2147483647
 = 00000064			MAX_BUFFER		EQU		100
 = 0000000B			COUNTER_BASE	EQU		11

 00000000			.data
 00000000 20 20 20 57 65	greetingMessage		BYTE	"   Welcome to the String IO Project by Megan Marshall.",13,10
	   6C 63 6F 6D 65
	   20 74 6F 20 74
	   68 65 20 53 74
	   72 69 6E 67 20
	   49 4F 20 50 72
	   6F 6A 65 63 74
	   20 62 79 20 4D
	   65 67 61 6E 20
	   4D 61 72 73 68
	   61 6C 6C 2E 0D
	   0A
 00000038  2D 2D 2D 2D 2D						BYTE	"-------------------------------------------------------------",13,10
	   2D 2D 2D 2D 2D
	   2D 2D 2D 2D 2D
	   2D 2D 2D 2D 2D
	   2D 2D 2D 2D 2D
	   2D 2D 2D 2D 2D
	   2D 2D 2D 2D 2D
	   2D 2D 2D 2D 2D
	   2D 2D 2D 2D 2D
	   2D 2D 2D 2D 2D
	   2D 2D 2D 2D 2D
	   2D 2D 2D 2D 2D
	   2D 0D 0A
 00000077  2A 2A 45 43 20						BYTE	"**EC 1: Number each line of user input and display a running subtotal of valid inputs.",13,10,13,10
	   31 3A 20 4E 75
	   6D 62 65 72 20
	   65 61 63 68 20
	   6C 69 6E 65 20
	   6F 66 20 75 73
	   65 72 20 69 6E
	   70 75 74 20 61
	   6E 64 20 64 69
	   73 70 6C 61 79
	   20 61 20 72 75
	   6E 6E 69 6E 67
	   20 73 75 62 74
	   6F 74 61 6C 20
	   6F 66 20 76 61
	   6C 69 64 20 69
	   6E 70 75 74 73
	   2E 0D 0A 0D 0A
 000000D1  54 68 69 73 20						BYTE	"This program will ask you for 10 signed decimal integers. Each integer needs to fit in",13,10
	   70 72 6F 67 72
	   61 6D 20 77 69
	   6C 6C 20 61 73
	   6B 20 79 6F 75
	   20 66 6F 72 20
	   31 30 20 73 69
	   67 6E 65 64 20
	   64 65 63 69 6D
	   61 6C 20 69 6E
	   74 65 67 65 72
	   73 2E 20 45 61
	   63 68 20 69 6E
	   74 65 67 65 72
	   20 6E 65 65 64
	   73 20 74 6F 20
	   66 69 74 20 69
	   6E 0D 0A
 00000129  61 20 33 32 20						BYTE	"a 32 bit signed integer. Invalid or non-numeric entries will not be accepted!",13,10,13,10
	   62 69 74 20 73
	   69 67 6E 65 64
	   20 69 6E 74 65
	   67 65 72 2E 20
	   49 6E 76 61 6C
	   69 64 20 6F 72
	   20 6E 6F 6E 2D
	   6E 75 6D 65 72
	   69 63 20 65 6E
	   74 72 69 65 73
	   20 77 69 6C 6C
	   20 6E 6F 74 20
	   62 65 20 61 63
	   63 65 70 74 65
	   64 21 0D 0A 0D
	   0A
 0000017A  41 66 74 65 72						BYTE	"After 10 valid entries have been provided, you will be shown all your valid inputs, their ",13,10
	   20 31 30 20 76
	   61 6C 69 64 20
	   65 6E 74 72 69
	   65 73 20 68 61
	   76 65 20 62 65
	   65 6E 20 70 72
	   6F 76 69 64 65
	   64 2C 20 79 6F
	   75 20 77 69 6C
	   6C 20 62 65 20
	   73 68 6F 77 6E
	   20 61 6C 6C 20
	   79 6F 75 72 20
	   76 61 6C 69 64
	   20 69 6E 70 75
	   74 73 2C 20 74
	   68 65 69 72 20
	   0D 0A
 000001D6  73 75 6D 2C 20						BYTE	"sum, and their average value.",13,10,13,10,0
	   61 6E 64 20 74
	   68 65 69 72 20
	   61 76 65 72 61
	   67 65 20 76 61
	   6C 75 65 2E 0D
	   0A 0D 0A 00
 000001F8 2E 20 50 6C 65	promptForInput		BYTE	". Please enter a signed integer: ",0
	   61 73 65 20 65
	   6E 74 65 72 20
	   61 20 73 69 67
	   6E 65 64 20 69
	   6E 74 65 67 65
	   72 3A 20 00
 0000021A 45 52 52 4F 52	errorMessage		BYTE	"ERROR: Your entry was not valid or did not fit in a 32 byte signed integer. Please try again.",13,10,0
	   3A 20 59 6F 75
	   72 20 65 6E 74
	   72 79 20 77 61
	   73 20 6E 6F 74
	   20 76 61 6C 69
	   64 20 6F 72 20
	   64 69 64 20 6E
	   6F 74 20 66 69
	   74 20 69 6E 20
	   61 20 33 32 20
	   62 79 74 65 20
	   73 69 67 6E 65
	   64 20 69 6E 74
	   65 67 65 72 2E
	   20 50 6C 65 61
	   73 65 20 74 72
	   79 20 61 67 61
	   69 6E 2E 0D 0A
	   00
 0000027A 0D 0A 0D 0A 59	resultsMessage		BYTE	13,10,13,10,"You entered these valid numbers: ",13,10,0
	   6F 75 20 65 6E
	   74 65 72 65 64
	   20 74 68 65 73
	   65 20 76 61 6C
	   69 64 20 6E 75
	   6D 62 65 72 73
	   3A 20 0D 0A 00
 000002A2 0D 0A 54 68 65	finalSumMessage		BYTE	13,10,"The total sum of your valid entries is: ",0
	   20 74 6F 74 61
	   6C 20 73 75 6D
	   20 6F 66 20 79
	   6F 75 72 20 76
	   61 6C 69 64 20
	   65 6E 74 72 69
	   65 73 20 69 73
	   3A 20 00
 000002CD 0D 0A 54 68 65	avgMessage			BYTE	13,10,"The truncated average of your valid entries is: ",0
	   20 74 72 75 6E
	   63 61 74 65 64
	   20 61 76 65 72
	   61 67 65 20 6F
	   66 20 79 6F 75
	   72 20 76 61 6C
	   69 64 20 65 6E
	   74 72 69 65 73
	   20 69 73 3A 20
	   00
 00000300 2C 20 00		commaString			BYTE	", ",0
 00000303 54 68 65 20 63	sumMessage			BYTE	"The current subtotal of your valid entries is: ",0
	   75 72 72 65 6E
	   74 20 73 75 62
	   74 6F 74 61 6C
	   20 6F 66 20 79
	   6F 75 72 20 76
	   61 6C 69 64 20
	   65 6E 74 72 69
	   65 73 20 69 73
	   3A 20 00
 00000333 0D 0A 0D 0A 48	farewellMessage		BYTE	13,10,13,10,"Hope you enjoyed this program! Goodbye!",0
	   6F 70 65 20 79
	   6F 75 20 65 6E
	   6A 6F 79 65 64
	   20 74 68 69 73
	   20 70 72 6F 67
	   72 61 6D 21 20
	   47 6F 6F 64 62
	   79 65 21 00

 0000035F  00000064 [		userInput			BYTE	MAX_BUFFER DUP(?)
	    00
	   ]
 000003C3 00000000		inputLength			DWORD	?

 000003C7  0000000A [		validInputs			SDWORD	10 DUP(?)
	    00000000
	   ]
 000003EF 00000000		sum					SDWORD	?

 00000000			.code

				; ---------------------------------------------------------------------------------
				; Name: main
				;
				; Main procedure - pushes parameters onto the stack and calls other procedures within
				; the program. Contains loop logic for getting 10 inputs from the user.
				;
				; ---------------------------------------------------------------------------------
 00000000			main PROC
					; Greet the user and explain the purpose of the program
					mDisplayString	OFFSET greetingMessage
 00000000  52		     1		PUSH	EDX
 00000001  BA 00000000 R     1		MOV		EDX, OFFSET greetingMessage
 00000006  E8 00000000 E     1		CALL	WriteString
 0000000B  5A		     1		POP		EDX

					; We need to retrieve valid user input ten times
 0000000C  B9 0000000A			MOV		ECX, LENGTHOF validInputs
					; This is where validated numbers will be stored
 00000011  BF 000003C7 R		MOV		EDI, OFFSET validInputs
					
					; Ask the user for valid input
 00000016				_getTenNumbers:
 00000016  68 0000035F R			PUSH	OFFSET userInput 
 0000001B  68 0000021A R			PUSH	OFFSET errorMessage
 00000020  57					PUSH	EDI 
 00000021  68 000003C3 R			PUSH	OFFSET inputLength
 00000026  51					PUSH	ECX
 00000027  68 000001F8 R			PUSH	OFFSET promptForInput
 0000002C  E8 00000077				CALL	ReadVal
						
						; Once valid input is written, get the running sum
 00000031  6A 04				PUSH	TYPE validInputs
 00000033  68 000003EF R			PUSH	OFFSET sum
 00000038  68 00000303 R			PUSH	OFFSET SumMessage
 0000003D  6A 0A				PUSH	LENGTHOF validInputs	;This can actually just be 10
 0000003F  68 000003C7 R			PUSH	OFFSET validInputs
 00000044  E8 000001F5				CALL	ArraySum
 00000049  E8 00000000 E			CALL	Crlf
						
						;EDI gets incremented to move through the array, and we repeat
 0000004E  83 C7 04				ADD		EDI, TYPE validInputs
 00000051  E2 C3				LOOP	_getTenNumbers

					; Show the user the array of valid inputs
 00000053  68 00000300 R		PUSH	OFFSET commaString
 00000058  6A 04			PUSH	TYPE validInputs
 0000005A  68 0000027A R		PUSH	OFFSET resultsMessage
 0000005F  6A 0A			PUSH	LENGTHOF validInputs
 00000061  68 000003C7 R		PUSH	OFFSET validInputs
 00000066  E8 0000019A			CALL	ArrayDisplay	

					; Show the final values' sum
 0000006B  6A 04			PUSH	TYPE validInputs
 0000006D  68 000003EF R		PUSH	OFFSET sum
 00000072  68 000002A2 R		PUSH	OFFSET finalSumMessage
 00000077  6A 0A			PUSH	LENGTHOF validInputs
 00000079  68 000003C7 R		PUSH	OFFSET validInputs
 0000007E  E8 000001BB			CALL	ArraySum

					; Show the truncated average
 00000083  FF 35 000003EF R		PUSH	sum 
 00000089  6A 0A			PUSH	LENGTHOF validInputs
 0000008B  68 000002CD R		PUSH	OFFSET avgMessage
 00000090  E8 000001F6			CALL	TruncatedAverage

					; Say goodbye to the user and exit
					mDisplayString	OFFSET farewellMessage
 00000095  52		     1		PUSH	EDX
 00000096  BA 00000333 R     1		MOV		EDX, OFFSET farewellMessage
 0000009B  E8 00000000 E     1		CALL	WriteString
 000000A0  5A		     1		POP		EDX
					INVOKE  ExitProcess, 0		
 000000A1  6A 00	   *	    push   +000000000h
 000000A3  E8 00000000 E   *	    call   ExitProcess
 000000A8			main ENDP

				; ---------------------------------------------------------------------------------
				; Name: ReadVal
				;
				; Gets user input. Validates it represents a signed 32 bit integer. 
				;	If not, displays an error message and has the user try again.) 
				;	Saves valid input to a specified memory location.
				; For each entry, displays a line number. After the first input is accepted, displays
				;	the running subtotal after each valid entry.
				;
				; Preconditions: None.
				;
				; Postconditions: None. Restores original value of EBP, restores registers, dereferences passed parameters.
				;
				; Receives:	Offset in memory of array/string where user input will be stored and read from
				;			Offset in memory of array/string containing appropriate error messaging
				;			Offset in memory of where to store validated input
				;			Value corresponding to how many times valid input has been provided
				;			Offset in memory of where to store the size of the user's input
				;			Offset in memory of array/string contianing appropriate prompt messaging
				;
				; Returns:  Writes unvalidated user input into userInput.
				;			Writes the number of bytes corresponding to the size of user input into bytesRead.
				;			Writes validated inputs into the specified address in validInputs.
				; TODO shoudl userInput ebp+28 be a local string? maybe bytesRead ebp + 16too?
				; ---------------------------------------------------------------------------------
 000000A8			ReadVal	PROC	USES EAX EBX ECX EDX ESI
					LOCAL	negativeInput:DWORD, currentDigit:DWORD, potentialInput:SDWORD
 000000A8  55		   *	    push   ebp
 000000A9  8B EC	   *	    mov    ebp, esp
 000000AB  83 C4 F4	   *	    add    esp, 0FFFFFFF4h
 000000AE  50		   *	    push   eax
 000000AF  53		   *	    push   ebx
 000000B0  51		   *	    push   ecx
 000000B1  52		   *	    push   edx
 000000B2  56		   *	    push   esi
 000000B3  C7 45 FC			MOV		negativeInput, 0
	   00000000

 000000BA				_getInput:
						; Get user input written as a string into userInput. Size will be in inputLength.
 000000BA  FF 75 0C				PUSH	[EBP + 12]
 000000BD  E8 000001B0				CALL	CurrentCount
						mGetString [EBP + 8], [EBP + 28], MAX_BUFFER, [EBP + 16]
 000000C2  50		     1		PUSH	EAX
 000000C3  51		     1		PUSH	ECX
 000000C4  52		     1		PUSH	EDX
 000000C5  52		     2		PUSH	EDX
 000000C6  8B 55 08	     2		MOV		EDX, [EBP + 8]
 000000C9  E8 00000000 E     2		CALL	WriteString
 000000CE  5A		     2		POP		EDX
 000000CF  B9 00000064	     1		MOV		ECX, MAX_BUFFER
 000000D4  8B 55 1C	     1		MOV		EDX, [EBP + 28]
 000000D7  E8 00000000 E     1		CALL	ReadString
 000000DC  8B 55 10	     1		MOV		EDX, [EBP + 16]
 000000DF  89 02	     1		MOV		[EDX], EAX
 000000E1  5A		     1		POP		EDX
 000000E2  59		     1		POP		ECX
 000000E3  58		     1		POP		EAX
						
						; Use ESI for the source
 000000E4  8B 75 1C				MOV		ESI, [EBP + 28]

						; Counter is the number of bytes written by mGetString
 000000E7  8B 5D 10				MOV		EBX, [EBP + 16]
 000000EA  8B 0B				MOV		ECX, [EBX]

						; EBX will be used to track the value as it's validated and built.
 000000EC  BB 00000000				MOV		EBX, 0	
						; If the user enters nothing (empty input), display an error and re-prompt.
 000000F1  83 F9 00				CMP		ECX, 0
 000000F4  74 02				JE		_error
						; Pre-check: if there are more than 11 characters, there's no way it will fit. (This allows for a sign flag)
						; TODO is this legit? try without these two lines.
						;CMP		ECX, 11
						;JA		_error
 000000F6  EB 13				JMP		_checkSign

 000000F8				_error:
						; Display error message
						mDisplayString	[EBP + 24]
 000000F8  52		     1		PUSH	EDX
 000000F9  8B 55 18	     1		MOV		EDX, [EBP + 24]
 000000FC  E8 00000000 E     1		CALL	WriteString
 00000101  5A		     1		POP		EDX

						; Clear out EAX, reset EBX, and prompt the user for new input.
 00000102  33 C0				XOR		EAX, EAX
 00000104  BB 00000000				MOV		EBX, 0
 00000109  EB AF				JMP		_getInput

					; Check if the first character is '-' or '+'
 0000010B				_checkSign:
 0000010B  AC					LODSB
 0000010C  3C 2D				CMP		AL, ASCII_MINUS
 0000010E  74 06				JE		_negative
 00000110  3C 2B				CMP		AL, ASCII_PLUS
 00000112  74 0C				JE		_positive
 00000114  EB 14				JMP		_unsigned

 00000116				_negative:
 00000116  C7 45 FC				MOV		negativeInput, 1
	   00000001
 0000011D  49					DEC		ECX
 0000011E  EB 14				JMP		_processString
 00000120				_positive:
 00000120  C7 45 FC				MOV		negativeInput, 0
	   00000000
 00000127  49					DEC		ECX
 00000128  EB 0A				JMP		_processString
 0000012A				_unsigned:
 0000012A  C7 45 FC				MOV		negativeInput, 0
	   00000000
						; If the first character wasn't '-' or '+', reset ESI to the first character in the string.
 00000131  8B 75 1C				MOV		ESI, [EBP + 28]

					;TODO turns out my logic is still wrong
 00000134				_processString:
 00000134  33 C0				XOR		EAX, EAX
 00000136  AC					LODSB
						; Validate! Is the character a sigit between 0 and 9?
 00000137  3C 30				CMP		AL, ASCII_ZERO
 00000139  72 BD				JB		_error
 0000013B  3C 39				CMP		AL, ASCII_NINE
 0000013D  77 B9				JA		_error

						; If the character was valid, convert the ASCII value to hex value by subtracting 30h.
 0000013F  2C 30				SUB		AL, ASCII_BASE
						; Stash this value in currentDigit for the time being
 00000141  89 45 F8				MOV		currentDigit, EAX
						; Then multiply the existing value of EBX by 10 and add or subtrac the newest digit, depending on the sign.
 00000144  8B C3				MOV		EAX, EBX
 00000146  BB 0000000A				MOV		EBX, 10
 0000014B  F7 E3				MUL		EBX
 0000014D  83 7D FC 01				CMP		negativeInput, 1
 00000151  74 02				JE		_subtractNextDigit
 00000153  EB 07				JMP		_addNextDigit
						
 00000155					_subtractNextDigit:
 00000155  2B 45 F8					SUB		EAX, currentDigit
 00000158  70 9E					JO		_error
							;JC		_error
 0000015A  EB 09					JMP		_nextDigit

 0000015C					_addNextDigit:
 0000015C  03 45 F8					ADD		EAX, currentDigit
 0000015F  70 97					JO		_error
 00000161  72 95					JC		_error
 00000163  EB 00					JMP		_nextDigit

						; Move the final value back into EBX and we're ready for the next digit.
 00000165					_nextDigit:
 00000165  8B D8					MOV		EBX, EAX			
 00000167  E2 CB				LOOP	_processString

					; At this point the string has been validated and an integer equivalent built in EBX.
 00000169				_checkFinalSize:
						; Does the final result fit in a SDWORD? Clear the carry flag first to avoid weird bugs
 00000169  F8					CLC
 0000016A  C7 45 F4				MOV		potentialInput, 0
	   00000000
 00000171  01 5D F4				ADD		potentialInput, EBX

 00000174  70 82				JO		_error	
						; This is a bit of a mess. When moving an over-large positive number into potentialInput, no flags were being set,
						; and the value simply overflowed to negative numbers. Workaround: Check if the value was supposed to be negative, 
						; then if not, check if unsigned EBX exceeded 2^31 -1
 00000176  8B 45 FC				MOV		EAX, negativeInput
 00000179  83 F8 01				CMP		EAX, 1
 0000017C  74 0C				JE		_saveResult
 0000017E  81 FB 7FFFFFFF			CMP		EBX, MAX_POS_VALUE
 00000184  0F 87 FFFFFF6E			JA		_error

					; Store input correctly in the array, and return.
 0000018A				_saveResult:
						; [EBP + 20] is the address of the current index in the validInputs array
 0000018A  8B 55 14				MOV		EDX, [EBP + 20]
 0000018D  89 1A				MOV		[EDX], EBX
						; TODO all this needs to be cleaned up
						;MOV		EAX, EBX
						;CALL	WriteDec
						;CALL	CRLF
						;PUSH	EBX
						;CALL	WriteVal
						;CALL	Crlf
						
 0000018F  5E		   *	    pop    esi
 00000190  5A		   *	    pop    edx
 00000191  59		   *	    pop    ecx
 00000192  5B		   *	    pop    ebx
 00000193  58		   *	    pop    eax
 00000194  C9		   *	    leave  
 00000195  C2 0018			RET 24
 00000198			ReadVal	ENDP

				; ---------------------------------------------------------------------------------
				; Name: WriteVal
				;
				; Given a value, converts it to a string and displays via mDisplayString macro.
				;
				; Preconditions: None.
				;
				; Postconditions: None. Restores original value of EBP, restores registers, dereferences passed parameters.
				;
				; Receives:	Value to be written passed on the stack.
				;
				; Returns:  String equivalent calculated and written to the console.
				; ---------------------------------------------------------------------------------
 00000198			WriteVal   PROC USES EAX EBX ECX EDX EDI
					LOCAL	outputLength:DWORD, tempString[12]:BYTE
 00000198  55		   *	    push   ebp
 00000199  8B EC	   *	    mov    ebp, esp
 0000019B  83 C4 F0	   *	    add    esp, 0FFFFFFF0h
 0000019E  50		   *	    push   eax
 0000019F  53		   *	    push   ebx
 000001A0  51		   *	    push   ecx
 000001A1  52		   *	    push   edx
 000001A2  57		   *	    push   edi
 000001A3  C7 45 FC			MOV		outputLength, 0
	   00000000
					
					; Get the value to be written
 000001AA  8B 45 08			MOV		EAX, [EBP + 8]
					; Get the offset of the output string
 000001AD  8D 7D F0			LEA		EDI, tempString

					; Is the value negative?
 000001B0  A9 80000000			TEST	EAX, 80000000h
 000001B5  75 02			JNE		_outputNegative
 000001B7  EB 0E			JMP		_outputDigits

 000001B9				_outputNegative:
						; If the value is negative, go ahead and add a leading '-' to the output.
						; Then get the absolute value of EAX before we start determining the number's digits.
 000001B9  F7 D8				NEG		EAX
						; Need to use AL for a minute, so stash the value in EBX.
 000001BB  8B D8				MOV		EBX, EAX
 000001BD  B8 00000000				MOV		EAX, 0
 000001C2  B0 2D				MOV		AL, ASCII_MINUS		
 000001C4  AA					STOSB
						; Note: Don't increment outputLength here, since nothing is winding up on the stack.
 000001C5  8B C3				MOV		EAX, EBX

 000001C7				_outputDigits:
						; Opting to not display a positive sign for non-negative integers.
 000001C7  33 D2				XOR		EDX, EDX	; clear the remainder register
 000001C9  99					CDQ
 000001CA  B9 0000000A				MOV		ECX, 10
 000001CF  F7 F9				IDIV	ECX	
						; Now EAX contains the quotient and EDX contains the remainder
 000001D1  8B D8				MOV		EBX, EAX
 000001D3  8B C2				MOV		EAX, EDX
 000001D5  83 C0 30				ADD		EAX, ASCII_BASE
						; Opting to push all digits onto the stack. Could also build the string directly
						; and then reverse it, but would have to play games with EAX to use STOSB and IDIV.
 000001D8  50					PUSH	EAX
 000001D9  FF 45 FC				INC		outputLength
						; Recover the quotient, check if it is zero
 000001DC  8B C3				MOV		EAX, EBX
 000001DE  83 F8 00				CMP		EAX, 0
 000001E1  75 E4				JNE		_outputDigits
						; Otherwise, move our total character count into ECX in preparation for building a string.
 000001E3  8B 4D FC				MOV		ECX, outputLength

 000001E6				_buildString:
						; At this point all the digits are on the stack as DWORDS
						; ECX contains the number of digits to be popped and added to the output string array
						; STOSB takes the AL register into the EDI addressed location
 000001E6  58					POP		EAX
 000001E7  AA					STOSB
 000001E8  E2 FC				LOOP	_buildString

					; Add a null-terminator because there's all sorts of mess on the stack.
 000001EA  B8 00000000			MOV		EAX, 0
 000001EF  AA				STOSB

					; Ready to write the string.
 000001F0  8D 5D F0			LEA		EBX, tempString
					mDisplayString	EBX
 000001F3  52		     1		PUSH	EDX
 000001F4  8B D3	     1		MOV		EDX, EBX
 000001F6  E8 00000000 E     1		CALL	WriteString
 000001FB  5A		     1		POP		EDX
						
 000001FC  5F		   *	    pop    edi
 000001FD  5A		   *	    pop    edx
 000001FE  59		   *	    pop    ecx
 000001FF  5B		   *	    pop    ebx
 00000200  58		   *	    pop    eax
 00000201  C9		   *	    leave  
 00000202  C2 0004			RET		4
 00000205			WriteVal   ENDP

				; ---------------------------------------------------------------------------------
				; Name: ArrayDisplay
				;
				; Given an array of numbers, displays their string equivalents to the user.
				; Relies on WriteVal to convert the numbers to strings and display.
				;
				; Preconditions: None.
				;
				; Postconditions: None. Restores original value of EBP, restores registers, dereferences passed parameters.
				;
				; Receives:	Offset in memory of array/string containing comma/space delimiter.
				;			Value corresponding to the bytes per data type in the source array.
				;			Offset in memory of array/string containing appropriate user messaging.
				;			Value corresponding to the number of items in the source array.
				;			Offset in memory of the source array containing inputs. 
				;
				; Returns:  String equivalents calculated and written to the console.
				; ---------------------------------------------------------------------------------
 00000205			ArrayDisplay	PROC USES ECX ESI 
 00000205  51		   *	    push   ecx
 00000206  56		   *	    push   esi
 00000207  55				PUSH	EBP						; Preserve EBP
 00000208  8B EC			MOV		EBP, ESP
					
					; Get the first element of the array
 0000020A  8B 75 10			MOV		ESI, [EBP + 8 + 8]
					; Get the number of elements in the array
 0000020D  8B 4D 14			MOV		ECX, [EBP + 12 + 8]
					; Handle the last element separately since it doesn't need a trailing comma
 00000210  49				DEC		ECX
					; Display the message
					mDisplayString	[EBP + 16 + 8]
 00000211  52		     1		PUSH	EDX
 00000212  8B 55 18	     1		MOV		EDX, [EBP + 16 + 8]
 00000215  E8 00000000 E     1		CALL	WriteString
 0000021A  5A		     1		POP		EDX

 0000021B				_showValueAtIndex:
 0000021B  FF 36				PUSH	[ESI]
 0000021D  E8 FFFFFF76				CALL	WriteVal
 00000222  03 75 1C				ADD		ESI, [EBP + 20 + 8]
						; Print trailing comma and space
						mDisplayString	[EBP + 24 + 8]
 00000225  52		     1		PUSH	EDX
 00000226  8B 55 20	     1		MOV		EDX, [EBP + 24 + 8]
 00000229  E8 00000000 E     1		CALL	WriteString
 0000022E  5A		     1		POP		EDX
 0000022F  E2 EA				LOOP	_showValueAtIndex
					
 00000231  FF 36			PUSH	[ESI]
 00000233  E8 FFFFFF60			CALL	WriteVal
 00000238  5D				POP		EBP						; Restore EBP
 00000239  5E		   *	    pop    esi
 0000023A  59		   *	    pop    ecx
 0000023B  C2 0018			RET		24						; De-reference and return
 0000023E			ArrayDisplay	ENDP

				; ---------------------------------------------------------------------------------
				; Name: ArraySum
				;
				; Given an array of numbers, displays the sum of the contained values.
				; Relies on WriteVal to convert the sum to a string and display.
				;
				; Preconditions: None.
				;
				; Postconditions: None. Restores original value of EBP, restores registers, dereferences passed parameters.
				;
				; Receives:	Value corresponding to the bytes per data type in the source array.
				;			Offset in memory of location to store the final sum.
				;			Offset in memory of array/string containing appropriate user messaging.
				;			Value corresponding to the number of items in the source array.
				;			Offset in memory of the source array containing inputs. 
				;
				; Returns:  Sum of values calculated and written to the console.
				; ---------------------------------------------------------------------------------
 0000023E			ArraySum	PROC USES EAX ECX ESI 
 0000023E  50		   *	    push   eax
 0000023F  51		   *	    push   ecx
 00000240  56		   *	    push   esi
 00000241  55				PUSH	EBP						; Preserve EBP
 00000242  8B EC			MOV		EBP, ESP
					
					; Get the first element of the array
 00000244  8B 75 14			MOV		ESI, [EBP + 8 + 12]
					; Get the number of elements in the array
 00000247  8B 4D 18			MOV		ECX, [EBP + 12 + 12]
					; Display the message
					mDisplayString	[EBP + 16 + 12]
 0000024A  52		     1		PUSH	EDX
 0000024B  8B 55 1C	     1		MOV		EDX, [EBP + 16 + 12]
 0000024E  E8 00000000 E     1		CALL	WriteString
 00000253  5A		     1		POP		EDX

 00000254  B8 00000000			MOV		EAX, 0
 00000259				_sumLoop:
 00000259  03 06				ADD		EAX, [ESI]
 0000025B  03 75 24				ADD		ESI, [EBP + 24 + 12]
 0000025E  E2 F9				LOOP	_sumLoop
 00000260  50				PUSH	EAX
 00000261  E8 FFFFFF32			CALL	WriteVal
					; Store the result -- we'll need it for finding the average
 00000266  8B 55 20			MOV		EDX, [EBP + 20 + 12]
 00000269  89 02			MOV		[EDX], EAX

 0000026B  5D				POP		EBP						; Restore EBP
 0000026C  5E		   *	    pop    esi
 0000026D  59		   *	    pop    ecx
 0000026E  58		   *	    pop    eax
 0000026F  C2 0014			RET		20						; De-reference the stack and return
 00000272			ArraySum	ENDP

				; ---------------------------------------------------------------------------------
				; Name: CurrentCount
				;
				; Determines the current line number and writes it to the console.
				; Relies on WriteVal to convert the number to a string and display.
				; Uses ECX from the main loop; subtracts it from 11 to get the current line number.
				;
				; Preconditions: None.
				;
				; Postconditions: None. Restores original value of EBP, restores registers, dereferences passed parameters.
				;
				; Receives:	Value corresponding to how many times valid input has been provided.
				;
				; Returns:  Line number calculated and written to the console.
				; ---------------------------------------------------------------------------------
 00000272			CurrentCount	PROC	USES EAX EDX
 00000272  50		   *	    push   eax
 00000273  52		   *	    push   edx
 00000274  55				PUSH	EBP						; Preserve EBP
 00000275  8B EC			MOV		EBP, ESP
					; Get the counter value from the stack
 00000277  8B 45 10			MOV		EAX, [EBP + 8 + 8]

					; Calculate the current line number
 0000027A  83 E8 0B			SUB		EAX, COUNTER_BASE
 0000027D  F7 D8			NEG		EAX
					; Pass the value off to WriteVal
 0000027F  50				PUSH	EAX
 00000280  E8 FFFFFF13			CALL	WriteVal

 00000285  5D				POP		EBP					; Restore EBP
 00000286  5A		   *	    pop    edx
 00000287  58		   *	    pop    eax
 00000288  C2 0004			RET		4					; De-reference the 2 4-byte offsets on the stack and return
 0000028B			CurrentCount	ENDP

				; ---------------------------------------------------------------------------------
				; Name: Truncated Average
				;
				; Determines the truncated average and writes it to the console.
				; Any fractional part is rounded down and ignored. So 1.2 => 1, 1.9 => 1, etc.
				; Relies on WriteVal to convert the average to a string and display.
				;
				; Preconditions: None.
				;
				; Postconditions: None. Restores original value of EBP, restores registers, dereferences passed parameters.
				;
				; Receives:	Value of the sum (i.e. the dividend when calculating the average)
				;			Number of data points (i.e. the divisor)
				;			Offset in memory of array/string containing appropriate user messaging.
				;
				; Returns:  Truncated average calculated and written to the console.
				; ---------------------------------------------------------------------------------
 0000028B			TruncatedAverage	PROC	USES EAX EBX EDX
 0000028B  50		   *	    push   eax
 0000028C  53		   *	    push   ebx
 0000028D  52		   *	    push   edx
 0000028E  55				PUSH	EBP						; Preserve EBP
 0000028F  8B EC			MOV		EBP, ESP
					; Get the sum value
 00000291  8B 45 1C			MOV		EAX, [EBP + 16 + 12]
 00000294  99				CDQ
					; Get the number of inputs
 00000295  8B 5D 18			MOV		EBX, [EBP + 12 + 12]
					; Find the truncated average -- just ignore the remainder
 00000298  F7 FB			IDIV	EBX
					; Display the message and truncated average!
					mDisplayString [EBP + 8 + 12]
 0000029A  52		     1		PUSH	EDX
 0000029B  8B 55 14	     1		MOV		EDX, [EBP + 8 + 12]
 0000029E  E8 00000000 E     1		CALL	WriteString
 000002A3  5A		     1		POP		EDX
 000002A4  50				PUSH	EAX
 000002A5  E8 FFFFFEEE			CALL	WriteVal

 000002AA  5D				POP		EBP					; Restore EBP
 000002AB  5A		   *	    pop    edx
 000002AC  5B		   *	    pop    ebx
 000002AD  58		   *	    pop    eax
 000002AE  C2 000C			RET		12					; De-reference and return
 000002B1			TruncatedAverage	ENDP

				END main
Microsoft (R) Macro Assembler Version 14.29.30133.0	    12/05/21 01:08:35
String IO (Proj6_marshmeg.asm				     Symbols 2 - 1




Macros:

                N a m e                 Type

mDisplayString . . . . . . . . .	Proc
mGetString . . . . . . . . . . .	Proc


Structures and Unions:

                N a m e                  Size
                                         Offset      Type

CONSOLE_CURSOR_INFO  . . . . . .	 00000008
  dwSize . . . . . . . . . . . .	 00000000	 DWord
  bVisible . . . . . . . . . . .	 00000004	 DWord
CONSOLE_SCREEN_BUFFER_INFO . . .	 00000016
  dwSize . . . . . . . . . . . .	 00000000	 DWord
  dwCursorPosition . . . . . . .	 00000004	 DWord
  wAttributes  . . . . . . . . .	 00000008	 Word
  srWindow . . . . . . . . . . .	 0000000A	 QWord
  dwMaximumWindowSize  . . . . .	 00000012	 DWord
COORD  . . . . . . . . . . . . .	 00000004
  X  . . . . . . . . . . . . . .	 00000000	 Word
  Y  . . . . . . . . . . . . . .	 00000002	 Word
FILETIME . . . . . . . . . . . .	 00000008
  loDateTime . . . . . . . . . .	 00000000	 DWord
  hiDateTime . . . . . . . . . .	 00000004	 DWord
FOCUS_EVENT_RECORD . . . . . . .	 00000004
  bSetFocus  . . . . . . . . . .	 00000000	 DWord
FPU_ENVIRON  . . . . . . . . . .	 0000001C
  controlWord  . . . . . . . . .	 00000000	 Word
  statusWord . . . . . . . . . .	 00000004	 Word
  tagWord  . . . . . . . . . . .	 00000008	 Word
  instrPointerOffset . . . . . .	 0000000C	 DWord
  instrPointerSelector . . . . .	 00000010	 DWord
  operandPointerOffset . . . . .	 00000014	 DWord
  operandPointerSelector . . . .	 00000018	 Word
INPUT_RECORD . . . . . . . . . .	 00000014
  EventType  . . . . . . . . . .	 00000000	 Word
  Event  . . . . . . . . . . . .	 00000004	 XmmWord
  bKeyDown . . . . . . . . . . .	 00000000	 DWord
  wRepeatCount . . . . . . . . .	 00000004	 Word
  wVirtualKeyCode  . . . . . . .	 00000006	 Word
  wVirtualScanCode . . . . . . .	 00000008	 Word
  uChar  . . . . . . . . . . . .	 0000000A	 Word
  UnicodeChar  . . . . . . . . .	 00000000	 Word
  AsciiChar  . . . . . . . . . .	 00000000	 Byte
  dwControlKeyState  . . . . . .	 0000000C	 DWord
  dwMousePosition  . . . . . . .	 00000000	 DWord
  dwButtonState  . . . . . . . .	 00000004	 DWord
  dwMouseControlKeyState . . . .	 00000008	 DWord
  dwEventFlags . . . . . . . . .	 0000000C	 DWord
  dwSize . . . . . . . . . . . .	 00000000	 DWord
  dwCommandId  . . . . . . . . .	 00000000	 DWord
  bSetFocus  . . . . . . . . . .	 00000000	 DWord
KEY_EVENT_RECORD . . . . . . . .	 00000010
  bKeyDown . . . . . . . . . . .	 00000000	 DWord
  wRepeatCount . . . . . . . . .	 00000004	 Word
  wVirtualKeyCode  . . . . . . .	 00000006	 Word
  wVirtualScanCode . . . . . . .	 00000008	 Word
  uChar  . . . . . . . . . . . .	 0000000A	 Word
  UnicodeChar  . . . . . . . . .	 00000000	 Word
  AsciiChar  . . . . . . . . . .	 00000000	 Byte
  dwControlKeyState  . . . . . .	 0000000C	 DWord
MENU_EVENT_RECORD  . . . . . . .	 00000004
  dwCommandId  . . . . . . . . .	 00000000	 DWord
MOUSE_EVENT_RECORD . . . . . . .	 00000010
  dwMousePosition  . . . . . . .	 00000000	 DWord
  dwButtonState  . . . . . . . .	 00000004	 DWord
  dwMouseControlKeyState . . . .	 00000008	 DWord
  dwEventFlags . . . . . . . . .	 0000000C	 DWord
SMALL_RECT . . . . . . . . . . .	 00000008
  Left . . . . . . . . . . . . .	 00000000	 Word
  Top  . . . . . . . . . . . . .	 00000002	 Word
  Right  . . . . . . . . . . . .	 00000004	 Word
  Bottom . . . . . . . . . . . .	 00000006	 Word
SYSTEMTIME . . . . . . . . . . .	 00000010
  wYear  . . . . . . . . . . . .	 00000000	 Word
  wMonth . . . . . . . . . . . .	 00000002	 Word
  wDayOfWeek . . . . . . . . . .	 00000004	 Word
  wDay . . . . . . . . . . . . .	 00000006	 Word
  wHour  . . . . . . . . . . . .	 00000008	 Word
  wMinute  . . . . . . . . . . .	 0000000A	 Word
  wSecond  . . . . . . . . . . .	 0000000C	 Word
  wMilliseconds  . . . . . . . .	 0000000E	 Word
WINDOW_BUFFER_SIZE_RECORD  . . .	 00000004
  dwSize . . . . . . . . . . . .	 00000000	 DWord


Segments and Groups:

                N a m e                 Size     Length   Align   Combine Class

FLAT . . . . . . . . . . . . . .	GROUP
STACK  . . . . . . . . . . . . .	32 Bit	 00001000 Para	  Stack	  'STACK'	 
_DATA  . . . . . . . . . . . . .	32 Bit	 000003F3 Para	  Public  'DATA'	
_TEXT  . . . . . . . . . . . . .	32 Bit	 000002B1 Para	  Public  'CODE'	


Procedures, parameters, and locals:

                N a m e                 Type     Value    Attr

ArrayDisplay . . . . . . . . . .	P Near	 00000205 _TEXT	Length= 00000039 Public STDCALL
  _showValueAtIndex  . . . . . .	L Near	 0000021B _TEXT	
ArraySum . . . . . . . . . . . .	P Near	 0000023E _TEXT	Length= 00000034 Public STDCALL
  _sumLoop . . . . . . . . . . .	L Near	 00000259 _TEXT	
CloseFile  . . . . . . . . . . .	P Near	 00000000 FLAT	Length= 00000000 External STDCALL
CloseHandle  . . . . . . . . . .	P Near	 00000000 FLAT	Length= 00000000 External STDCALL
Clrscr . . . . . . . . . . . . .	P Near	 00000000 FLAT	Length= 00000000 External STDCALL
CreateFileA  . . . . . . . . . .	P Near	 00000000 FLAT	Length= 00000000 External STDCALL
CreateOutputFile . . . . . . . .	P Near	 00000000 FLAT	Length= 00000000 External STDCALL
Crlf . . . . . . . . . . . . . .	P Near	 00000000 FLAT	Length= 00000000 External STDCALL
CurrentCount . . . . . . . . . .	P Near	 00000272 _TEXT	Length= 00000019 Public STDCALL
Delay  . . . . . . . . . . . . .	P Near	 00000000 FLAT	Length= 00000000 External STDCALL
DumpMem  . . . . . . . . . . . .	P Near	 00000000 FLAT	Length= 00000000 External STDCALL
DumpRegs . . . . . . . . . . . .	P Near	 00000000 FLAT	Length= 00000000 External STDCALL
ExitProcess  . . . . . . . . . .	P Near	 00000000 FLAT	Length= 00000000 External STDCALL
FileTimeToDosDateTime  . . . . .	P Near	 00000000 FLAT	Length= 00000000 External STDCALL
FileTimeToSystemTime . . . . . .	P Near	 00000000 FLAT	Length= 00000000 External STDCALL
FlushConsoleInputBuffer  . . . .	P Near	 00000000 FLAT	Length= 00000000 External STDCALL
FormatMessageA . . . . . . . . .	P Near	 00000000 FLAT	Length= 00000000 External STDCALL
GetCommandLineA  . . . . . . . .	P Near	 00000000 FLAT	Length= 00000000 External STDCALL
GetCommandTail . . . . . . . . .	P Near	 00000000 FLAT	Length= 00000000 External STDCALL
GetConsoleCP . . . . . . . . . .	P Near	 00000000 FLAT	Length= 00000000 External STDCALL
GetConsoleCursorInfo . . . . . .	P Near	 00000000 FLAT	Length= 00000000 External STDCALL
GetConsoleMode . . . . . . . . .	P Near	 00000000 FLAT	Length= 00000000 External STDCALL
GetConsoleScreenBufferInfo . . .	P Near	 00000000 FLAT	Length= 00000000 External STDCALL
GetDateTime  . . . . . . . . . .	P Near	 00000000 FLAT	Length= 00000000 External STDCALL
GetFileTime  . . . . . . . . . .	P Near	 00000000 FLAT	Length= 00000000 External STDCALL
GetKeyState  . . . . . . . . . .	P Near	 00000000 FLAT	Length= 00000000 External STDCALL
GetLastError . . . . . . . . . .	P Near	 00000000 FLAT	Length= 00000000 External STDCALL
GetLocalTime . . . . . . . . . .	P Near	 00000000 FLAT	Length= 00000000 External STDCALL
GetMaxXY . . . . . . . . . . . .	P Near	 00000000 FLAT	Length= 00000000 External STDCALL
GetMseconds  . . . . . . . . . .	P Near	 00000000 FLAT	Length= 00000000 External STDCALL
GetNumberOfConsoleInputEvents  .	P Near	 00000000 FLAT	Length= 00000000 External STDCALL
GetProcessHeap . . . . . . . . .	P Near	 00000000 FLAT	Length= 00000000 External STDCALL
GetStdHandle . . . . . . . . . .	P Near	 00000000 FLAT	Length= 00000000 External STDCALL
GetSystemTime  . . . . . . . . .	P Near	 00000000 FLAT	Length= 00000000 External STDCALL
GetTextColor . . . . . . . . . .	P Near	 00000000 FLAT	Length= 00000000 External STDCALL
GetTickCount . . . . . . . . . .	P Near	 00000000 FLAT	Length= 00000000 External STDCALL
Gotoxy . . . . . . . . . . . . .	P Near	 00000000 FLAT	Length= 00000000 External STDCALL
HeapAlloc  . . . . . . . . . . .	P Near	 00000000 FLAT	Length= 00000000 External STDCALL
HeapCreate . . . . . . . . . . .	P Near	 00000000 FLAT	Length= 00000000 External STDCALL
HeapDestroy  . . . . . . . . . .	P Near	 00000000 FLAT	Length= 00000000 External STDCALL
HeapFree . . . . . . . . . . . .	P Near	 00000000 FLAT	Length= 00000000 External STDCALL
HeapSize . . . . . . . . . . . .	P Near	 00000000 FLAT	Length= 00000000 External STDCALL
IsDigit  . . . . . . . . . . . .	P Near	 00000000 FLAT	Length= 00000000 External STDCALL
LocalFree  . . . . . . . . . . .	P Near	 00000000 FLAT	Length= 00000000 External STDCALL
MessageBoxA  . . . . . . . . . .	P Near	 00000000 FLAT	Length= 00000000 External STDCALL
MsgBoxAsk  . . . . . . . . . . .	P Near	 00000000 FLAT	Length= 00000000 External STDCALL
MsgBox . . . . . . . . . . . . .	P Near	 00000000 FLAT	Length= 00000000 External STDCALL
OpenInputFile  . . . . . . . . .	P Near	 00000000 FLAT	Length= 00000000 External STDCALL
ParseDecimal32 . . . . . . . . .	P Near	 00000000 FLAT	Length= 00000000 External STDCALL
ParseInteger32 . . . . . . . . .	P Near	 00000000 FLAT	Length= 00000000 External STDCALL
PeekConsoleInputA  . . . . . . .	P Near	 00000000 FLAT	Length= 00000000 External STDCALL
Random32 . . . . . . . . . . . .	P Near	 00000000 FLAT	Length= 00000000 External STDCALL
RandomRange  . . . . . . . . . .	P Near	 00000000 FLAT	Length= 00000000 External STDCALL
Randomize  . . . . . . . . . . .	P Near	 00000000 FLAT	Length= 00000000 External STDCALL
ReadChar . . . . . . . . . . . .	P Near	 00000000 FLAT	Length= 00000000 External STDCALL
ReadConsoleA . . . . . . . . . .	P Near	 00000000 FLAT	Length= 00000000 External STDCALL
ReadConsoleInputA  . . . . . . .	P Near	 00000000 FLAT	Length= 00000000 External STDCALL
ReadDec  . . . . . . . . . . . .	P Near	 00000000 FLAT	Length= 00000000 External STDCALL
ReadFile . . . . . . . . . . . .	P Near	 00000000 FLAT	Length= 00000000 External STDCALL
ReadFloat  . . . . . . . . . . .	P Near	 00000000 FLAT	Length= 00000000 External STDCALL
ReadFromFile . . . . . . . . . .	P Near	 00000000 FLAT	Length= 00000000 External STDCALL
ReadHex  . . . . . . . . . . . .	P Near	 00000000 FLAT	Length= 00000000 External STDCALL
ReadInt  . . . . . . . . . . . .	P Near	 00000000 FLAT	Length= 00000000 External STDCALL
ReadKeyFlush . . . . . . . . . .	P Near	 00000000 FLAT	Length= 00000000 External STDCALL
ReadKey  . . . . . . . . . . . .	P Near	 00000000 FLAT	Length= 00000000 External STDCALL
ReadString . . . . . . . . . . .	P Near	 00000000 FLAT	Length= 00000000 External STDCALL
ReadVal  . . . . . . . . . . . .	P Near	 000000A8 _TEXT	Length= 000000F0 Public STDCALL
  negativeInput  . . . . . . . .	DWord	 bp - 00000004
  currentDigit . . . . . . . . .	DWord	 bp - 00000008
  potentialInput . . . . . . . .	DWord	 bp - 0000000C
  _getInput  . . . . . . . . . .	L Near	 000000BA _TEXT	
  _error . . . . . . . . . . . .	L Near	 000000F8 _TEXT	
  _checkSign . . . . . . . . . .	L Near	 0000010B _TEXT	
  _negative  . . . . . . . . . .	L Near	 00000116 _TEXT	
  _positive  . . . . . . . . . .	L Near	 00000120 _TEXT	
  _unsigned  . . . . . . . . . .	L Near	 0000012A _TEXT	
  _processString . . . . . . . .	L Near	 00000134 _TEXT	
  _subtractNextDigit . . . . . .	L Near	 00000155 _TEXT	
  _addNextDigit  . . . . . . . .	L Near	 0000015C _TEXT	
  _nextDigit . . . . . . . . . .	L Near	 00000165 _TEXT	
  _checkFinalSize  . . . . . . .	L Near	 00000169 _TEXT	
  _saveResult  . . . . . . . . .	L Near	 0000018A _TEXT	
SetConsoleCursorInfo . . . . . .	P Near	 00000000 FLAT	Length= 00000000 External STDCALL
SetConsoleCursorPosition . . . .	P Near	 00000000 FLAT	Length= 00000000 External STDCALL
SetConsoleMode . . . . . . . . .	P Near	 00000000 FLAT	Length= 00000000 External STDCALL
SetConsoleScreenBufferSize . . .	P Near	 00000000 FLAT	Length= 00000000 External STDCALL
SetConsoleTextAttribute  . . . .	P Near	 00000000 FLAT	Length= 00000000 External STDCALL
SetConsoleTitleA . . . . . . . .	P Near	 00000000 FLAT	Length= 00000000 External STDCALL
SetConsoleWindowInfo . . . . . .	P Near	 00000000 FLAT	Length= 00000000 External STDCALL
SetFilePointer . . . . . . . . .	P Near	 00000000 FLAT	Length= 00000000 External STDCALL
SetLocalTime . . . . . . . . . .	P Near	 00000000 FLAT	Length= 00000000 External STDCALL
SetTextColor . . . . . . . . . .	P Near	 00000000 FLAT	Length= 00000000 External STDCALL
ShowFPUStack . . . . . . . . . .	P Near	 00000000 FLAT	Length= 00000000 External STDCALL
Sleep  . . . . . . . . . . . . .	P Near	 00000000 FLAT	Length= 00000000 External STDCALL
StrLength  . . . . . . . . . . .	P Near	 00000000 FLAT	Length= 00000000 External STDCALL
Str_compare  . . . . . . . . . .	P Near	 00000000 FLAT	Length= 00000000 External STDCALL
Str_copy . . . . . . . . . . . .	P Near	 00000000 FLAT	Length= 00000000 External STDCALL
Str_length . . . . . . . . . . .	P Near	 00000000 FLAT	Length= 00000000 External STDCALL
Str_trim . . . . . . . . . . . .	P Near	 00000000 FLAT	Length= 00000000 External STDCALL
Str_ucase  . . . . . . . . . . .	P Near	 00000000 FLAT	Length= 00000000 External STDCALL
SystemTimeToFileTime . . . . . .	P Near	 00000000 FLAT	Length= 00000000 External STDCALL
TruncatedAverage . . . . . . . .	P Near	 0000028B _TEXT	Length= 00000026 Public STDCALL
WaitMsg  . . . . . . . . . . . .	P Near	 00000000 FLAT	Length= 00000000 External STDCALL
WriteBinB  . . . . . . . . . . .	P Near	 00000000 FLAT	Length= 00000000 External STDCALL
WriteBin . . . . . . . . . . . .	P Near	 00000000 FLAT	Length= 00000000 External STDCALL
WriteChar  . . . . . . . . . . .	P Near	 00000000 FLAT	Length= 00000000 External STDCALL
WriteConsoleA  . . . . . . . . .	P Near	 00000000 FLAT	Length= 00000000 External STDCALL
WriteConsoleOutputAttribute  . .	P Near	 00000000 FLAT	Length= 00000000 External STDCALL
WriteConsoleOutputCharacterA . .	P Near	 00000000 FLAT	Length= 00000000 External STDCALL
WriteDec . . . . . . . . . . . .	P Near	 00000000 FLAT	Length= 00000000 External STDCALL
WriteFile  . . . . . . . . . . .	P Near	 00000000 FLAT	Length= 00000000 External STDCALL
WriteFloat . . . . . . . . . . .	P Near	 00000000 FLAT	Length= 00000000 External STDCALL
WriteHexB  . . . . . . . . . . .	P Near	 00000000 FLAT	Length= 00000000 External STDCALL
WriteHex . . . . . . . . . . . .	P Near	 00000000 FLAT	Length= 00000000 External STDCALL
WriteInt . . . . . . . . . . . .	P Near	 00000000 FLAT	Length= 00000000 External STDCALL
WriteStackFrameName  . . . . . .	P Near	 00000000 FLAT	Length= 00000000 External STDCALL
WriteStackFrame  . . . . . . . .	P Near	 00000000 FLAT	Length= 00000000 External STDCALL
WriteString  . . . . . . . . . .	P Near	 00000000 FLAT	Length= 00000000 External STDCALL
WriteToFile  . . . . . . . . . .	P Near	 00000000 FLAT	Length= 00000000 External STDCALL
WriteVal . . . . . . . . . . . .	P Near	 00000198 _TEXT	Length= 0000006D Public STDCALL
  outputLength . . . . . . . . .	DWord	 bp - 00000004
  tempString . . . . . . . . . .	Byte	 bp - 00000010
  _outputNegative  . . . . . . .	L Near	 000001B9 _TEXT	
  _outputDigits  . . . . . . . .	L Near	 000001C7 _TEXT	
  _buildString . . . . . . . . .	L Near	 000001E6 _TEXT	
WriteWindowsMsg  . . . . . . . .	P Near	 00000000 FLAT	Length= 00000000 External STDCALL
main . . . . . . . . . . . . . .	P Near	 00000000 _TEXT	Length= 000000A8 Public STDCALL
  _getTenNumbers . . . . . . . .	L Near	 00000016 _TEXT	
printf . . . . . . . . . . . . .	P Near	 00000000 FLAT	Length= 00000000 External C
scanf  . . . . . . . . . . . . .	P Near	 00000000 FLAT	Length= 00000000 External C
wsprintfA  . . . . . . . . . . .	P Near	 00000000 FLAT	Length= 00000000 External C


Symbols:

                N a m e                 Type     Value    Attr

@CodeSize  . . . . . . . . . . .	Number	 00000000h   
@DataSize  . . . . . . . . . . .	Number	 00000000h   
@Interface . . . . . . . . . . .	Number	 00000003h   
@Model . . . . . . . . . . . . .	Number	 00000007h   
@code  . . . . . . . . . . . . .	Text   	 _TEXT
@data  . . . . . . . . . . . . .	Text   	 FLAT
@fardata?  . . . . . . . . . . .	Text   	 FLAT
@fardata . . . . . . . . . . . .	Text   	 FLAT
@stack . . . . . . . . . . . . .	Text   	 FLAT
ALT_MASK . . . . . . . . . . . .	Number	 00000003h   
ASCII_BASE . . . . . . . . . . .	Number	 00000030h   
ASCII_MINUS  . . . . . . . . . .	Number	 0000002Dh   
ASCII_NINE . . . . . . . . . . .	Number	 00000039h   
ASCII_PLUS . . . . . . . . . . .	Number	 0000002Bh   
ASCII_ZERO . . . . . . . . . . .	Number	 00000030h   
CAPSLOCK_ON  . . . . . . . . . .	Number	 00000080h   
COUNTER_BASE . . . . . . . . . .	Number	 0000000Bh   
CREATE_ALWAYS  . . . . . . . . .	Number	 00000002h   
CREATE_NEW . . . . . . . . . . .	Number	 00000001h   
CTRL_MASK  . . . . . . . . . . .	Number	 0000000Ch   
CreateFile . . . . . . . . . . .	Text   	 CreateFileA
DO_NOT_SHARE . . . . . . . . . .	Number	 00000000h   
ENABLE_ECHO_INPUT  . . . . . . .	Number	 00000004h   
ENABLE_LINE_INPUT  . . . . . . .	Number	 00000002h   
ENABLE_MOUSE_INPUT . . . . . . .	Number	 00000010h   
ENABLE_PROCESSED_INPUT . . . . .	Number	 00000001h   
ENABLE_PROCESSED_OUTPUT  . . . .	Number	 00000001h   
ENABLE_WINDOW_INPUT  . . . . . .	Number	 00000008h   
ENABLE_WRAP_AT_EOL_OUTPUT  . . .	Number	 00000002h   
ENHANCED_KEY . . . . . . . . . .	Number	 00000100h   
FALSE  . . . . . . . . . . . . .	Number	 00000000h   
FILE_APPEND_DATA . . . . . . . .	Number	 00000004h   
FILE_ATTRIBUTE_ARCHIVE . . . . .	Number	 00000020h   
FILE_ATTRIBUTE_COMPRESSED  . . .	Number	 00000800h   
FILE_ATTRIBUTE_DEVICE  . . . . .	Number	 00000040h   
FILE_ATTRIBUTE_DIRECTORY . . . .	Number	 00000010h   
FILE_ATTRIBUTE_ENCRYPTED . . . .	Number	 00004000h   
FILE_ATTRIBUTE_HIDDEN  . . . . .	Number	 00000002h   
FILE_ATTRIBUTE_NORMAL  . . . . .	Number	 00000080h   
FILE_ATTRIBUTE_NOT_CONTENT_INDEXED .	Number	 00002000h   
FILE_ATTRIBUTE_OFFLINE . . . . .	Number	 00001000h   
FILE_ATTRIBUTE_READONLY  . . . .	Number	 00000001h   
FILE_ATTRIBUTE_REPARSE_POINT . .	Number	 00000400h   
FILE_ATTRIBUTE_SPARSE_FILE . . .	Number	 00000200h   
FILE_ATTRIBUTE_SYSTEM  . . . . .	Number	 00000004h   
FILE_ATTRIBUTE_TEMPORARY . . . .	Number	 00000100h   
FILE_BEGIN . . . . . . . . . . .	Number	 00000000h   
FILE_CURRENT . . . . . . . . . .	Number	 00000001h   
FILE_DELETE_CHILD  . . . . . . .	Number	 00000040h   
FILE_END . . . . . . . . . . . .	Number	 00000002h   
FILE_READ_DATA . . . . . . . . .	Number	 00000001h   
FILE_SHARE_DELETE  . . . . . . .	Number	 00000004h   
FILE_SHARE_READ  . . . . . . . .	Number	 00000001h   
FILE_SHARE_WRITE . . . . . . . .	Number	 00000002h   
FILE_WRITE_DATA  . . . . . . . .	Number	 00000002h   
FOCUS_EVENT  . . . . . . . . . .	Number	 00000010h   
FORMAT_MESSAGE_ALLOCATE_BUFFER .	Number	 00000100h   
FORMAT_MESSAGE_FROM_SYSTEM . . .	Number	 00001000h   
FormatMessage  . . . . . . . . .	Text   	 FormatMessageA
GENERIC_ALL  . . . . . . . . . .	Number	 10000000h   
GENERIC_EXECUTE  . . . . . . . .	Number	 20000000h   
GENERIC_READ . . . . . . . . . .	Number	 -80000000h   
GENERIC_WRITE  . . . . . . . . .	Number	 40000000h   
GetCommandLine . . . . . . . . .	Text   	 GetCommandLineA
HANDLE . . . . . . . . . . . . .	Text   	 DWORD
HEAP_GENERATE_EXCEPTIONS . . . .	Number	 00000004h   
HEAP_GROWABLE  . . . . . . . . .	Number	 00000002h   
HEAP_NO_SERIALIZE  . . . . . . .	Number	 00000001h   
HEAP_REALLOC_IN_PLACE_ONLY . . .	Number	 00000010h   
HEAP_ZERO_MEMORY . . . . . . . .	Number	 00000008h   
IDABORT  . . . . . . . . . . . .	Number	 00000003h   
IDCANCEL . . . . . . . . . . . .	Number	 00000002h   
IDCLOSE  . . . . . . . . . . . .	Number	 00000008h   
IDCONTINUE . . . . . . . . . . .	Number	 0000000Bh   
IDHELP . . . . . . . . . . . . .	Number	 00000009h   
IDIGNORE . . . . . . . . . . . .	Number	 00000005h   
IDNO . . . . . . . . . . . . . .	Number	 00000007h   
IDOK . . . . . . . . . . . . . .	Number	 00000001h   
IDRETRY  . . . . . . . . . . . .	Number	 00000004h   
IDTIMEOUT  . . . . . . . . . . .	Number	 00007D00h   
IDTRYAGAIN . . . . . . . . . . .	Number	 0000000Ah   
IDYES  . . . . . . . . . . . . .	Number	 00000006h   
INVALID_HANDLE_VALUE . . . . . .	Number	 -00000001h   
KBDOWN_FLAG  . . . . . . . . . .	Number	 00000001h   
KEY_EVENT  . . . . . . . . . . .	Number	 00000001h   
KEY_MASKS  . . . . . . . . . . .	Number	 0000001Fh   
LEFT_ALT_PRESSED . . . . . . . .	Number	 00000002h   
LEFT_CTRL_PRESSED  . . . . . . .	Number	 00000008h   
MAX_BUFFER . . . . . . . . . . .	Number	 00000064h   
MAX_POS_VALUE  . . . . . . . . .	Number	 7FFFFFFFh   
MB_ABORTRETRYIGNORE  . . . . . .	Number	 00000002h   
MB_APPLMODAL . . . . . . . . . .	Number	 00000000h   
MB_CANCELTRYCONTINUE . . . . . .	Number	 00000006h   
MB_DEFBUTTON1  . . . . . . . . .	Number	 00000000h   
MB_DEFBUTTON2  . . . . . . . . .	Number	 00000100h   
MB_DEFBUTTON3  . . . . . . . . .	Number	 00000200h   
MB_DEFBUTTON4  . . . . . . . . .	Number	 00000300h   
MB_HELP  . . . . . . . . . . . .	Number	 00004000h   
MB_ICONASTERISK  . . . . . . . .	Number	 00000040h   
MB_ICONERROR . . . . . . . . . .	Number	 00000010h   
MB_ICONEXCLAMATION . . . . . . .	Number	 00000030h   
MB_ICONHAND  . . . . . . . . . .	Number	 00000010h   
MB_ICONINFORMATION . . . . . . .	Number	 00000040h   
MB_ICONQUESTION  . . . . . . . .	Number	 00000020h   
MB_ICONSTOP  . . . . . . . . . .	Number	 00000010h   
MB_ICONWARNING . . . . . . . . .	Number	 00000030h   
MB_OKCANCEL  . . . . . . . . . .	Number	 00000001h   
MB_OK  . . . . . . . . . . . . .	Number	 00000000h   
MB_RETRYCANCEL . . . . . . . . .	Number	 00000005h   
MB_SYSTEMMODAL . . . . . . . . .	Number	 00001000h   
MB_TASKMODAL . . . . . . . . . .	Number	 00002000h   
MB_USERICON  . . . . . . . . . .	Number	 00000080h   
MB_YESNOCANCEL . . . . . . . . .	Number	 00000003h   
MB_YESNO . . . . . . . . . . . .	Number	 00000004h   
MENU_EVENT . . . . . . . . . . .	Number	 00000008h   
MOUSE_EVENT  . . . . . . . . . .	Number	 00000002h   
MessageBox . . . . . . . . . . .	Text   	 MessageBoxA
NULL . . . . . . . . . . . . . .	Number	 00000000h   
NUMLOCK_ON . . . . . . . . . . .	Number	 00000020h   
OPEN_ALWAYS  . . . . . . . . . .	Number	 00000004h   
OPEN_EXISTING  . . . . . . . . .	Number	 00000003h   
PeekConsoleInput . . . . . . . .	Text   	 PeekConsoleInputA
RIGHT_ALT_PRESSED  . . . . . . .	Number	 00000001h   
RIGHT_CTRL_PRESSED . . . . . . .	Number	 00000004h   
ReadConsoleInput . . . . . . . .	Text   	 ReadConsoleInputA
ReadConsole  . . . . . . . . . .	Text   	 ReadConsoleA
SCROLLLOCK_ON  . . . . . . . . .	Number	 00000040h   
SHIFT_MASK . . . . . . . . . . .	Number	 00000010h   
SHIFT_PRESSED  . . . . . . . . .	Number	 00000010h   
STD_ERROR_HANDLE . . . . . . . .	Number	 -0000000Ch   
STD_INPUT_HANDLE . . . . . . . .	Number	 -0000000Ah   
STD_OUTPUT_HANDLE  . . . . . . .	Number	 -0000000Bh   
SetConsoleTitle  . . . . . . . .	Text   	 SetConsoleTitleA
TAB  . . . . . . . . . . . . . .	Number	 00000009h   
TRUE . . . . . . . . . . . . . .	Number	 00000001h   
TRUNCATE_EXISTING  . . . . . . .	Number	 00000005h   
VK_11  . . . . . . . . . . . . .	Number	 000000BDh   
VK_12  . . . . . . . . . . . . .	Number	 000000BBh   
VK_ADD . . . . . . . . . . . . .	Number	 0000006Bh   
VK_BACK  . . . . . . . . . . . .	Number	 00000008h   
VK_CANCEL  . . . . . . . . . . .	Number	 00000003h   
VK_CAPITAL . . . . . . . . . . .	Number	 00000014h   
VK_CLEAR . . . . . . . . . . . .	Number	 0000000Ch   
VK_CONTROL . . . . . . . . . . .	Number	 00000011h   
VK_DECIMAL . . . . . . . . . . .	Number	 0000006Eh   
VK_DELETE  . . . . . . . . . . .	Number	 0000002Eh   
VK_DIVIDE  . . . . . . . . . . .	Number	 0000006Fh   
VK_DOWN  . . . . . . . . . . . .	Number	 00000028h   
VK_END . . . . . . . . . . . . .	Number	 00000023h   
VK_ESCAPE  . . . . . . . . . . .	Number	 0000001Bh   
VK_EXECUTE . . . . . . . . . . .	Number	 0000002Bh   
VK_F10 . . . . . . . . . . . . .	Number	 00000079h   
VK_F11 . . . . . . . . . . . . .	Number	 0000007Ah   
VK_F12 . . . . . . . . . . . . .	Number	 0000007Bh   
VK_F13 . . . . . . . . . . . . .	Number	 0000007Ch   
VK_F14 . . . . . . . . . . . . .	Number	 0000007Dh   
VK_F15 . . . . . . . . . . . . .	Number	 0000007Eh   
VK_F16 . . . . . . . . . . . . .	Number	 0000007Fh   
VK_F17 . . . . . . . . . . . . .	Number	 00000080h   
VK_F18 . . . . . . . . . . . . .	Number	 00000081h   
VK_F19 . . . . . . . . . . . . .	Number	 00000082h   
VK_F1  . . . . . . . . . . . . .	Number	 00000070h   
VK_F20 . . . . . . . . . . . . .	Number	 00000083h   
VK_F21 . . . . . . . . . . . . .	Number	 00000084h   
VK_F22 . . . . . . . . . . . . .	Number	 00000085h   
VK_F23 . . . . . . . . . . . . .	Number	 00000086h   
VK_F24 . . . . . . . . . . . . .	Number	 00000087h   
VK_F2  . . . . . . . . . . . . .	Number	 00000071h   
VK_F3  . . . . . . . . . . . . .	Number	 00000072h   
VK_F4  . . . . . . . . . . . . .	Number	 00000073h   
VK_F5  . . . . . . . . . . . . .	Number	 00000074h   
VK_F6  . . . . . . . . . . . . .	Number	 00000075h   
VK_F7  . . . . . . . . . . . . .	Number	 00000076h   
VK_F8  . . . . . . . . . . . . .	Number	 00000077h   
VK_F9  . . . . . . . . . . . . .	Number	 00000078h   
VK_HELP  . . . . . . . . . . . .	Number	 0000002Fh   
VK_HOME  . . . . . . . . . . . .	Number	 00000024h   
VK_INSERT  . . . . . . . . . . .	Number	 0000002Dh   
VK_LBUTTON . . . . . . . . . . .	Number	 00000001h   
VK_LCONTROL  . . . . . . . . . .	Number	 000000A2h   
VK_LEFT  . . . . . . . . . . . .	Number	 00000025h   
VK_LMENU . . . . . . . . . . . .	Number	 000000A4h   
VK_LSHIFT  . . . . . . . . . . .	Number	 000000A0h   
VK_MENU  . . . . . . . . . . . .	Number	 00000012h   
VK_MULTIPLY  . . . . . . . . . .	Number	 0000006Ah   
VK_NEXT  . . . . . . . . . . . .	Number	 00000022h   
VK_NUMLOCK . . . . . . . . . . .	Number	 00000090h   
VK_NUMPAD0 . . . . . . . . . . .	Number	 00000060h   
VK_NUMPAD1 . . . . . . . . . . .	Number	 00000061h   
VK_NUMPAD2 . . . . . . . . . . .	Number	 00000062h   
VK_NUMPAD3 . . . . . . . . . . .	Number	 00000063h   
VK_NUMPAD4 . . . . . . . . . . .	Number	 00000064h   
VK_NUMPAD5 . . . . . . . . . . .	Number	 00000065h   
VK_NUMPAD6 . . . . . . . . . . .	Number	 00000066h   
VK_NUMPAD7 . . . . . . . . . . .	Number	 00000067h   
VK_NUMPAD8 . . . . . . . . . . .	Number	 00000068h   
VK_NUMPAD9 . . . . . . . . . . .	Number	 00000069h   
VK_PAUSE . . . . . . . . . . . .	Number	 00000013h   
VK_PRINT . . . . . . . . . . . .	Number	 0000002Ah   
VK_PRIOR . . . . . . . . . . . .	Number	 00000021h   
VK_RBUTTON . . . . . . . . . . .	Number	 00000002h   
VK_RCONTROL  . . . . . . . . . .	Number	 000000A3h   
VK_RETURN  . . . . . . . . . . .	Number	 0000000Dh   
VK_RIGHT . . . . . . . . . . . .	Number	 00000027h   
VK_RMENU . . . . . . . . . . . .	Number	 000000A5h   
VK_RSHIFT  . . . . . . . . . . .	Number	 000000A1h   
VK_SCROLL  . . . . . . . . . . .	Number	 00000091h   
VK_SEPARATER . . . . . . . . . .	Number	 0000006Ch   
VK_SHIFT . . . . . . . . . . . .	Number	 00000010h   
VK_SNAPSHOT  . . . . . . . . . .	Number	 0000002Ch   
VK_SPACE . . . . . . . . . . . .	Number	 00000020h   
VK_SUBTRACT  . . . . . . . . . .	Number	 0000006Dh   
VK_TAB . . . . . . . . . . . . .	Number	 00000009h   
VK_UP  . . . . . . . . . . . . .	Number	 00000026h   
WINDOW_BUFFER_SIZE_EVENT . . . .	Number	 00000004h   
WriteConsoleOutputCharacter  . .	Text   	 WriteConsoleOutputCharacterA
WriteConsole . . . . . . . . . .	Text   	 WriteConsoleA
avgMessage . . . . . . . . . . .	Byte	 000002CD _DATA	
black  . . . . . . . . . . . . .	Number	 00000000h   
blue . . . . . . . . . . . . . .	Number	 00000001h   
brown  . . . . . . . . . . . . .	Number	 00000006h   
commaString  . . . . . . . . . .	Byte	 00000300 _DATA	
cyan . . . . . . . . . . . . . .	Number	 00000003h   
errorMessage . . . . . . . . . .	Byte	 0000021A _DATA	
exit . . . . . . . . . . . . . .	Text   	 INVOKE ExitProcess,0
farewellMessage  . . . . . . . .	Byte	 00000333 _DATA	
finalSumMessage  . . . . . . . .	Byte	 000002A2 _DATA	
gray . . . . . . . . . . . . . .	Number	 00000008h   
green  . . . . . . . . . . . . .	Number	 00000002h   
greetingMessage  . . . . . . . .	Byte	 00000000 _DATA	
inputLength  . . . . . . . . . .	DWord	 000003C3 _DATA	
lightBlue  . . . . . . . . . . .	Number	 00000009h   
lightCyan  . . . . . . . . . . .	Number	 0000000Bh   
lightGray  . . . . . . . . . . .	Number	 00000007h   
lightGreen . . . . . . . . . . .	Number	 0000000Ah   
lightMagenta . . . . . . . . . .	Number	 0000000Dh   
lightRed . . . . . . . . . . . .	Number	 0000000Ch   
magenta  . . . . . . . . . . . .	Number	 00000005h   
promptForInput . . . . . . . . .	Byte	 000001F8 _DATA	
red  . . . . . . . . . . . . . .	Number	 00000004h   
resultsMessage . . . . . . . . .	Byte	 0000027A _DATA	
sumMessage . . . . . . . . . . .	Byte	 00000303 _DATA	
sum  . . . . . . . . . . . . . .	DWord	 000003EF _DATA	
userInput  . . . . . . . . . . .	Byte	 0000035F _DATA	
validInputs  . . . . . . . . . .	DWord	 000003C7 _DATA	
white  . . . . . . . . . . . . .	Number	 0000000Fh   
wsprintf . . . . . . . . . . . .	Text   	 wsprintfA
yellow . . . . . . . . . . . . .	Number	 0000000Eh   

	   0 Warnings
	   0 Errors
