Microsoft (R) Macro Assembler Version 14.29.30133.0	    12/02/21 16:45:47
User IO (Proj6_marshmeg.asm				     Page 1 - 1


				TITLE User IO (Proj6_marshmeg.asm)

				; Author: Megan Marshall
				; Last Modified: December 1, 2021
				; OSU email address:marshmeg@oregonstate.edu
				; Course number/section:   CS271 Section 400
				; Project Number: 6               Due Date: December 5, 2021
				; Description: This program uses macros to support string processing and user input/output. It gathers 10 inputs from the user,
				;				validates that they are integers in the correct range, sotres them in an array, and displays the results,
				;				their sum, and their rounded average to the user. 

				INCLUDE Irvine32.inc
			      C ; Include file for Irvine32.lib             (Irvine32.inc)
			      C 
			      C ;OPTION CASEMAP:NONE		; optional: make identifiers case-sensitive
			      C 
			      C INCLUDE SmallWin.inc		; MS-Windows prototypes, structures, and constants
			      C .NOLIST
			      C .LIST
			      C 
			      C INCLUDE VirtualKeys.inc
			      C ; VirtualKeys.inc
			      C .NOLIST
			      C .LIST
			      C 
			      C 
			      C .NOLIST
			      C .LIST
			      C 

				; Macros!
				mGetString MACRO promptMessage, userInput, inputLength, bytesRead
				; Display a prompt (input parameter, by reference), then get the user’s keyboard input into a memory location (output parameter, by reference).
				;You may also need to provide a count (input parameter, by value) for the length of input string you can accommodate and a provide a number of bytes read 
				;(output parameter, by reference) by the macro.
				ENDM

				mDisplayString MACRO printTarget
				;Print the string which is stored in a specified memory location (input parameter, by reference).
				ENDM

				; Constants. Defining bounds of valid ASCII inputs so I don't have ambiguous hex values in my code.
 = 0000002D			ASCII_MINUS		EQU		2Dh
 = 0000002B			ASCII_PLUS		EQU		2Bh
 = 00000030			ASCII_ZERO		EQU		30h
 = 00000039			ASCII_NINE		EQU		39h
 = 7FFFFFFF			MAX_POS_VALUE	EQU		2147483647

 00000000			.data
 00000000 20 20 20 57 65	greeting		BYTE	"   Welcome to the String IO Project by Megan Marshall.",13,10
	   6C 63 6F 6D 65
	   20 74 6F 20 74
	   68 65 20 53 74
	   72 69 6E 67 20
	   49 4F 20 50 72
	   6F 6A 65 63 74
	   20 62 79 20 4D
	   65 67 61 6E 20
	   4D 61 72 73 68
	   61 6C 6C 2E 0D
	   0A
 00000038  2D 2D 2D 2D 2D					BYTE	"-------------------------------------------------------------",13,10
	   2D 2D 2D 2D 2D
	   2D 2D 2D 2D 2D
	   2D 2D 2D 2D 2D
	   2D 2D 2D 2D 2D
	   2D 2D 2D 2D 2D
	   2D 2D 2D 2D 2D
	   2D 2D 2D 2D 2D
	   2D 2D 2D 2D 2D
	   2D 2D 2D 2D 2D
	   2D 2D 2D 2D 2D
	   2D 2D 2D 2D 2D
	   2D 0D 0A
 00000077  2A 2A 45 43 20					BYTE	"**EC 1: Number each line of user input and display a running subtoatl of valid inputs.",13,10,13,10
	   31 3A 20 4E 75
	   6D 62 65 72 20
	   65 61 63 68 20
	   6C 69 6E 65 20
	   6F 66 20 75 73
	   65 72 20 69 6E
	   70 75 74 20 61
	   6E 64 20 64 69
	   73 70 6C 61 79
	   20 61 20 72 75
	   6E 6E 69 6E 67
	   20 73 75 62 74
	   6F 61 74 6C 20
	   6F 66 20 76 61
	   6C 69 64 20 69
	   6E 70 75 74 73
	   2E 0D 0A 0D 0A
 000000D1  54 68 69 73 20					BYTE	"This program will ask you for 10 signed decimal integers. ",13,10
	   70 72 6F 67 72
	   61 6D 20 77 69
	   6C 6C 20 61 73
	   6B 20 79 6F 75
	   20 66 6F 72 20
	   31 30 20 73 69
	   67 6E 65 64 20
	   64 65 63 69 6D
	   61 6C 20 69 6E
	   74 65 67 65 72
	   73 2E 20 0D 0A
 0000010D  45 61 63 68 20					BYTE	"Each integer needs to fit in a 32 bit signed integer. Therefore, it should be no smaller ",13,10
	   69 6E 74 65 67
	   65 72 20 6E 65
	   65 64 73 20 74
	   6F 20 66 69 74
	   20 69 6E 20 61
	   20 33 32 20 62
	   69 74 20 73 69
	   67 6E 65 64 20
	   69 6E 74 65 67
	   65 72 2E 20 54
	   68 65 72 65 66
	   6F 72 65 2C 20
	   69 74 20 73 68
	   6F 75 6C 64 20
	   62 65 20 6E 6F
	   20 73 6D 61 6C
	   6C 65 72 20 0D
	   0A
 00000168  74 68 61 6E 20					BYTE	"than -2,147,483,648 and no larger than 2,147,483,647.",13,10
	   2D 32 2C 31 34
	   37 2C 34 38 33
	   2C 36 34 38 20
	   61 6E 64 20 6E
	   6F 20 6C 61 72
	   67 65 72 20 74
	   68 61 6E 20 32
	   2C 31 34 37 2C
	   34 38 33 2C 36
	   34 37 2E 0D 0A
 0000019F  49 6E 76 61 6C					BYTE	"Invalid entries will not be accepted!",13,10,13,10
	   69 64 20 65 6E
	   74 72 69 65 73
	   20 77 69 6C 6C
	   20 6E 6F 74 20
	   62 65 20 61 63
	   63 65 70 74 65
	   64 21 0D 0A 0D
	   0A
 000001C8  41 66 74 65 72					BYTE	"After 10 valid entries have been provided, you will be shown all your valid inputs, their ",13,10
	   20 31 30 20 76
	   61 6C 69 64 20
	   65 6E 74 72 69
	   65 73 20 68 61
	   76 65 20 62 65
	   65 6E 20 70 72
	   6F 76 69 64 65
	   64 2C 20 79 6F
	   75 20 77 69 6C
	   6C 20 62 65 20
	   73 68 6F 77 6E
	   20 61 6C 6C 20
	   79 6F 75 72 20
	   76 61 6C 69 64
	   20 69 6E 70 75
	   74 73 2C 20 74
	   68 65 69 72 20
	   0D 0A
 00000224  73 75 6D 2C 20					BYTE	"sum, and their average value.",13,10,13,10,0
	   61 6E 64 20 74
	   68 65 69 72 20
	   61 76 65 72 61
	   67 65 20 76 61
	   6C 75 65 2E 0D
	   0A 0D 0A 00
 00000246 45 52 52 4F 52	errorMessage	BYTE	"ERROR: Your entry was not valid or did not fit in a 32 byte signed integer. Please try again.",13,10,0
	   3A 20 59 6F 75
	   72 20 65 6E 74
	   72 79 20 77 61
	   73 20 6E 6F 74
	   20 76 61 6C 69
	   64 20 6F 72 20
	   64 69 64 20 6E
	   6F 74 20 66 69
	   74 20 69 6E 20
	   61 20 33 32 20
	   62 79 74 65 20
	   73 69 67 6E 65
	   64 20 69 6E 74
	   65 67 65 72 2E
	   20 50 6C 65 61
	   73 65 20 74 72
	   79 20 61 67 61
	   69 6E 2E 0D 0A
	   00
				; String to store unvalidated user input. Assuming that the user will not enter more than 100 characters.
 000002A6  00000064 [		userInput		BYTE	100 DUP(?)
	    00
	   ]
 0000030A 32 31 34 37 34	testString		BYTE	"2147483648",0 
	   38 33 36 34 38
	   00
 00000315 0000000A		inputLength		DWORD	10
 00000319 00000000		validCount		DWORD	0
 0000031D  0000000A [		validInputs		SDWORD	10 DUP(?)
	    00000000
	   ]
 00000345 00000000		average			SDWORD	?
 00000349 00000000		potentialInput	SDWORD	0
 0000034D 00000000		currentDigit	DWORD	0
 00000351 00000000		negativeInput	DWORD	0
 00000355 00000000		pushedChars		DWORD	0

 00000000			.code
 00000000			main PROC
 00000000  BA 00000000 R		MOV		EDX, OFFSET greeting
					; TODO replace with mDisplayString
 00000005  E8 00000000 E		CALL	WriteString
 0000000A  E8 00000007			CALL	ReadVal
					INVOKE  ExitProcess, 0		;exit to operating system
 0000000F  6A 00	   *	    push   +000000000h
 00000011  E8 00000000 E   *	    call   ExitProcess
 00000016			main ENDP

				; ***************************************************************
				; stuff
				; effective range: -2,147,483,648 to 2,147,483,647
				; ***************************************************************
 00000016			ReadVal	PROC
					;TODO going to need: validCount, address of userInput, address of errorMessage, inputLength, potentialInput, currentDigit
					; Get the first 
 00000016				_getInput:
					; TODO call mGetString
					; EBX will be used to track the value as it's validated and built.
 00000016  BB 00000000			MOV		EBX, 0	


					; TODO replace with actual parameter, stack reference
					; Use ESI for the source
 0000001B  BE 0000030A R		MOV		ESI, OFFSET testString
					; Replace with the number of bytes written by mGetString
					; TODO stack
 00000020  8B 0D 00000315 R		MOV		ECX, inputLength
					; If the user enters nothing (empty input), display an error and re-prompt.
 00000026  83 F9 00			CMP		ECX, 0
 00000029  74 07			JE		_error
					; Pre-check: if there are more than 11 characters, there's no way it will fit. (This allows for a sign flag)
 0000002B  83 F9 0B			CMP		ECX, 11
 0000002E  77 02			JA		_error
 00000030  EB 14			JMP		_checkSign
 00000032				_error:
						; TODO offsets from the stack
						; Display error message
						; TODO replace with mDisplayString
 00000032  BA 00000246 R			MOV		EDX, OFFSET errorMessage
 00000037  E8 00000000 E			CALL	WriteString
						; Clear off anything we pushed onto the stack as a valid character
						; TODO use reference stack thing stuff blah;
						; TODO oops...we don't need the stack here. save the code for now, probably gonna need it for writeVal
						;MOV		ECX, pushedChars
						;CMP		ECX, 0
						;JA		_cleanUpStack
						;JMP		_startOver

						;_cleanUpStack:
						;	POP		EAX
						;	LOOP	_cleanUpStack

						; Clear out EAX, reset potentialInput, and prompt the user for new input.
 0000003C  33 C0				XOR		EAX, EAX
 0000003E  BB 00000000				MOV		EBX, 0
						; TODO temporary
 00000043  C3					RET
 00000044  EB D0				JMP		_getInput

					; Check if the first character is '-' or '+'
 00000046				_checkSign:
 00000046  AC					LODSB
 00000047  3C 2D				CMP		AL, ASCII_MINUS
 00000049  74 06				JE		_negative
 0000004B  3C 2B				CMP		AL, ASCII_PLUS
 0000004D  74 0F				JE		_positive
 0000004F  EB 1A				JMP		_unsigned

 00000051				_negative:
 00000051  C7 05 00000351 R			MOV		negativeInput, 1
	   00000001
 0000005B  49					DEC		ECX
 0000005C  EB 1C				JMP		_processString
 0000005E				_positive:
 0000005E  C7 05 00000351 R			MOV		negativeInput, 0
	   00000000
 00000068  49					DEC		ECX
 00000069  EB 0F				JMP		_processString
 0000006B				_unsigned:
 0000006B  C7 05 00000351 R			MOV		negativeInput, 0
	   00000000
						; If the first character wasn't '-' or '+', reset ESI to the first character in the string.
 00000075  BE 0000030A R			MOV		ESI, OFFSET testString

 0000007A			_processString:
 0000007A  33 C0				XOR		EAX, EAX
 0000007C  AC					LODSB
						; Validate! Is the character a sigit between 0 and 9?
 0000007D  3C 30				CMP		AL, ASCII_ZERO
 0000007F  72 B1				JB		_error
 00000081  3C 39				CMP		AL, ASCII_NINE
 00000083  77 AD				JA		_error

						; If the character was valid, convert the ASCII value to hex value by subtracting 30h.
 00000085  2C 30				SUB		AL, 30h
						; Stash this value in currentDigit for the time being
 00000087  A3 0000034D R			MOV		currentDigit, EAX
						; Then multiply the existing value of EBX by 10 and add or subtrac the newest digit, depending on the sign.
 0000008C  8B C3				MOV		EAX, EBX
 0000008E  BB 0000000A				MOV		EBX, 10
 00000093  F7 E3				MUL		EBX
 00000095  83 3D 00000351 R			CMP		negativeInput, 1
	   01
 0000009C  74 02				JE		_subtractNextDigit
 0000009E  EB 0A				JMP		_addNextDigit
						
 000000A0					_subtractNextDigit:
 000000A0  2B 05 0000034D R				SUB		EAX, currentDigit
 000000A6  70 8A					JO		_error
 000000A8  EB 0A					JMP		_nextDigit

 000000AA					_addNextDigit:
 000000AA  03 05 0000034D R				ADD		EAX, currentDigit
 000000B0  72 80					JC		_error
 000000B2  EB 00					JMP		_nextDigit

						;_checkCurrentSize:
							; Check if we've already exceeded the size limit
							;JO		_error
						; Move the final value back into EBX and we're ready for the next digit.
 000000B4					_nextDigit:
 000000B4  8B D8				MOV		EBX, EAX
								
 000000B6  E2 C2				LOOP	_processString

					; At this point the string has been validated and an integer equivalent built in EBX.

 000000B8				_checkFinalSize:
						; Does the final result fit in a SDWORD? Clear the carry flag first to avoid weird bugs
 000000B8  F8					CLC
 000000B9  01 1D 00000349 R			ADD		potentialInput, EBX

 000000BF  0F 80 FFFFFF6D			JO		_error		
 000000C5  A1 00000351 R			MOV		EAX, negativeInput
 000000CA  83 F8 01				CMP		EAX, 1
 000000CD  74 0C				JE		_saveResult
 000000CF  81 FB 7FFFFFFF			CMP		EBX, MAX_POS_VALUE
 000000D5  0F 87 FFFFFF57			JA		_error

					;TODO increment validCount, store input, and return if the input was valid. Otherwise start over.
 000000DB				_saveResult:
 000000DB  A1 00000349 R			MOV		EAX, potentialInput
 000000E0  E8 00000000 E			CALL	WriteInt
 000000E5  C3				RET
 000000E6			ReadVal	ENDP

				; ***************************************************************
				; stuff
				; ***************************************************************
 000000E6			WriteVal   PROC
					; temp, add in parameters TODO
					;MOV		EAX, printMe
					;XOR		EDX, EDX	; clear the remainder register
					;CDQ
					;MOV		ECX, 10

					
 000000E6  C3				RET
 000000E7			WriteVal   ENDP

				; ***************************************************************
				; stuff. takes array reference and number of entries to sum (for EC 1)
				; ***************************************************************
 000000E7			ArraySum	PROC
 000000E7  C3				RET
 000000E8			ArraySum	ENDP


				; ***************************************************************
				; stuff. takes sum and number of entries
				; ***************************************************************
 000000E8			TruncatedAverage	PROC
 000000E8  C3				RET
 000000E9			TruncatedAverage	ENDP

				END main
Microsoft (R) Macro Assembler Version 14.29.30133.0	    12/02/21 16:45:47
User IO (Proj6_marshmeg.asm				     Symbols 2 - 1




Macros:

                N a m e                 Type

mDisplayString . . . . . . . . .	Proc
mGetString . . . . . . . . . . .	Proc


Structures and Unions:

                N a m e                  Size
                                         Offset      Type

CONSOLE_CURSOR_INFO  . . . . . .	 00000008
  dwSize . . . . . . . . . . . .	 00000000	 DWord
  bVisible . . . . . . . . . . .	 00000004	 DWord
CONSOLE_SCREEN_BUFFER_INFO . . .	 00000016
  dwSize . . . . . . . . . . . .	 00000000	 DWord
  dwCursorPosition . . . . . . .	 00000004	 DWord
  wAttributes  . . . . . . . . .	 00000008	 Word
  srWindow . . . . . . . . . . .	 0000000A	 QWord
  dwMaximumWindowSize  . . . . .	 00000012	 DWord
COORD  . . . . . . . . . . . . .	 00000004
  X  . . . . . . . . . . . . . .	 00000000	 Word
  Y  . . . . . . . . . . . . . .	 00000002	 Word
FILETIME . . . . . . . . . . . .	 00000008
  loDateTime . . . . . . . . . .	 00000000	 DWord
  hiDateTime . . . . . . . . . .	 00000004	 DWord
FOCUS_EVENT_RECORD . . . . . . .	 00000004
  bSetFocus  . . . . . . . . . .	 00000000	 DWord
FPU_ENVIRON  . . . . . . . . . .	 0000001C
  controlWord  . . . . . . . . .	 00000000	 Word
  statusWord . . . . . . . . . .	 00000004	 Word
  tagWord  . . . . . . . . . . .	 00000008	 Word
  instrPointerOffset . . . . . .	 0000000C	 DWord
  instrPointerSelector . . . . .	 00000010	 DWord
  operandPointerOffset . . . . .	 00000014	 DWord
  operandPointerSelector . . . .	 00000018	 Word
INPUT_RECORD . . . . . . . . . .	 00000014
  EventType  . . . . . . . . . .	 00000000	 Word
  Event  . . . . . . . . . . . .	 00000004	 XmmWord
  bKeyDown . . . . . . . . . . .	 00000000	 DWord
  wRepeatCount . . . . . . . . .	 00000004	 Word
  wVirtualKeyCode  . . . . . . .	 00000006	 Word
  wVirtualScanCode . . . . . . .	 00000008	 Word
  uChar  . . . . . . . . . . . .	 0000000A	 Word
  UnicodeChar  . . . . . . . . .	 00000000	 Word
  AsciiChar  . . . . . . . . . .	 00000000	 Byte
  dwControlKeyState  . . . . . .	 0000000C	 DWord
  dwMousePosition  . . . . . . .	 00000000	 DWord
  dwButtonState  . . . . . . . .	 00000004	 DWord
  dwMouseControlKeyState . . . .	 00000008	 DWord
  dwEventFlags . . . . . . . . .	 0000000C	 DWord
  dwSize . . . . . . . . . . . .	 00000000	 DWord
  dwCommandId  . . . . . . . . .	 00000000	 DWord
  bSetFocus  . . . . . . . . . .	 00000000	 DWord
KEY_EVENT_RECORD . . . . . . . .	 00000010
  bKeyDown . . . . . . . . . . .	 00000000	 DWord
  wRepeatCount . . . . . . . . .	 00000004	 Word
  wVirtualKeyCode  . . . . . . .	 00000006	 Word
  wVirtualScanCode . . . . . . .	 00000008	 Word
  uChar  . . . . . . . . . . . .	 0000000A	 Word
  UnicodeChar  . . . . . . . . .	 00000000	 Word
  AsciiChar  . . . . . . . . . .	 00000000	 Byte
  dwControlKeyState  . . . . . .	 0000000C	 DWord
MENU_EVENT_RECORD  . . . . . . .	 00000004
  dwCommandId  . . . . . . . . .	 00000000	 DWord
MOUSE_EVENT_RECORD . . . . . . .	 00000010
  dwMousePosition  . . . . . . .	 00000000	 DWord
  dwButtonState  . . . . . . . .	 00000004	 DWord
  dwMouseControlKeyState . . . .	 00000008	 DWord
  dwEventFlags . . . . . . . . .	 0000000C	 DWord
SMALL_RECT . . . . . . . . . . .	 00000008
  Left . . . . . . . . . . . . .	 00000000	 Word
  Top  . . . . . . . . . . . . .	 00000002	 Word
  Right  . . . . . . . . . . . .	 00000004	 Word
  Bottom . . . . . . . . . . . .	 00000006	 Word
SYSTEMTIME . . . . . . . . . . .	 00000010
  wYear  . . . . . . . . . . . .	 00000000	 Word
  wMonth . . . . . . . . . . . .	 00000002	 Word
  wDayOfWeek . . . . . . . . . .	 00000004	 Word
  wDay . . . . . . . . . . . . .	 00000006	 Word
  wHour  . . . . . . . . . . . .	 00000008	 Word
  wMinute  . . . . . . . . . . .	 0000000A	 Word
  wSecond  . . . . . . . . . . .	 0000000C	 Word
  wMilliseconds  . . . . . . . .	 0000000E	 Word
WINDOW_BUFFER_SIZE_RECORD  . . .	 00000004
  dwSize . . . . . . . . . . . .	 00000000	 DWord


Segments and Groups:

                N a m e                 Size     Length   Align   Combine Class

FLAT . . . . . . . . . . . . . .	GROUP
STACK  . . . . . . . . . . . . .	32 Bit	 00001000 Para	  Stack	  'STACK'	 
_DATA  . . . . . . . . . . . . .	32 Bit	 00000359 Para	  Public  'DATA'	
_TEXT  . . . . . . . . . . . . .	32 Bit	 000000E9 Para	  Public  'CODE'	


Procedures, parameters, and locals:

                N a m e                 Type     Value    Attr

ArraySum . . . . . . . . . . . .	P Near	 000000E7 _TEXT	Length= 00000001 Public STDCALL
CloseFile  . . . . . . . . . . .	P Near	 00000000 FLAT	Length= 00000000 External STDCALL
CloseHandle  . . . . . . . . . .	P Near	 00000000 FLAT	Length= 00000000 External STDCALL
Clrscr . . . . . . . . . . . . .	P Near	 00000000 FLAT	Length= 00000000 External STDCALL
CreateFileA  . . . . . . . . . .	P Near	 00000000 FLAT	Length= 00000000 External STDCALL
CreateOutputFile . . . . . . . .	P Near	 00000000 FLAT	Length= 00000000 External STDCALL
Crlf . . . . . . . . . . . . . .	P Near	 00000000 FLAT	Length= 00000000 External STDCALL
Delay  . . . . . . . . . . . . .	P Near	 00000000 FLAT	Length= 00000000 External STDCALL
DumpMem  . . . . . . . . . . . .	P Near	 00000000 FLAT	Length= 00000000 External STDCALL
DumpRegs . . . . . . . . . . . .	P Near	 00000000 FLAT	Length= 00000000 External STDCALL
ExitProcess  . . . . . . . . . .	P Near	 00000000 FLAT	Length= 00000000 External STDCALL
FileTimeToDosDateTime  . . . . .	P Near	 00000000 FLAT	Length= 00000000 External STDCALL
FileTimeToSystemTime . . . . . .	P Near	 00000000 FLAT	Length= 00000000 External STDCALL
FlushConsoleInputBuffer  . . . .	P Near	 00000000 FLAT	Length= 00000000 External STDCALL
FormatMessageA . . . . . . . . .	P Near	 00000000 FLAT	Length= 00000000 External STDCALL
GetCommandLineA  . . . . . . . .	P Near	 00000000 FLAT	Length= 00000000 External STDCALL
GetCommandTail . . . . . . . . .	P Near	 00000000 FLAT	Length= 00000000 External STDCALL
GetConsoleCP . . . . . . . . . .	P Near	 00000000 FLAT	Length= 00000000 External STDCALL
GetConsoleCursorInfo . . . . . .	P Near	 00000000 FLAT	Length= 00000000 External STDCALL
GetConsoleMode . . . . . . . . .	P Near	 00000000 FLAT	Length= 00000000 External STDCALL
GetConsoleScreenBufferInfo . . .	P Near	 00000000 FLAT	Length= 00000000 External STDCALL
GetDateTime  . . . . . . . . . .	P Near	 00000000 FLAT	Length= 00000000 External STDCALL
GetFileTime  . . . . . . . . . .	P Near	 00000000 FLAT	Length= 00000000 External STDCALL
GetKeyState  . . . . . . . . . .	P Near	 00000000 FLAT	Length= 00000000 External STDCALL
GetLastError . . . . . . . . . .	P Near	 00000000 FLAT	Length= 00000000 External STDCALL
GetLocalTime . . . . . . . . . .	P Near	 00000000 FLAT	Length= 00000000 External STDCALL
GetMaxXY . . . . . . . . . . . .	P Near	 00000000 FLAT	Length= 00000000 External STDCALL
GetMseconds  . . . . . . . . . .	P Near	 00000000 FLAT	Length= 00000000 External STDCALL
GetNumberOfConsoleInputEvents  .	P Near	 00000000 FLAT	Length= 00000000 External STDCALL
GetProcessHeap . . . . . . . . .	P Near	 00000000 FLAT	Length= 00000000 External STDCALL
GetStdHandle . . . . . . . . . .	P Near	 00000000 FLAT	Length= 00000000 External STDCALL
GetSystemTime  . . . . . . . . .	P Near	 00000000 FLAT	Length= 00000000 External STDCALL
GetTextColor . . . . . . . . . .	P Near	 00000000 FLAT	Length= 00000000 External STDCALL
GetTickCount . . . . . . . . . .	P Near	 00000000 FLAT	Length= 00000000 External STDCALL
Gotoxy . . . . . . . . . . . . .	P Near	 00000000 FLAT	Length= 00000000 External STDCALL
HeapAlloc  . . . . . . . . . . .	P Near	 00000000 FLAT	Length= 00000000 External STDCALL
HeapCreate . . . . . . . . . . .	P Near	 00000000 FLAT	Length= 00000000 External STDCALL
HeapDestroy  . . . . . . . . . .	P Near	 00000000 FLAT	Length= 00000000 External STDCALL
HeapFree . . . . . . . . . . . .	P Near	 00000000 FLAT	Length= 00000000 External STDCALL
HeapSize . . . . . . . . . . . .	P Near	 00000000 FLAT	Length= 00000000 External STDCALL
IsDigit  . . . . . . . . . . . .	P Near	 00000000 FLAT	Length= 00000000 External STDCALL
LocalFree  . . . . . . . . . . .	P Near	 00000000 FLAT	Length= 00000000 External STDCALL
MessageBoxA  . . . . . . . . . .	P Near	 00000000 FLAT	Length= 00000000 External STDCALL
MsgBoxAsk  . . . . . . . . . . .	P Near	 00000000 FLAT	Length= 00000000 External STDCALL
MsgBox . . . . . . . . . . . . .	P Near	 00000000 FLAT	Length= 00000000 External STDCALL
OpenInputFile  . . . . . . . . .	P Near	 00000000 FLAT	Length= 00000000 External STDCALL
ParseDecimal32 . . . . . . . . .	P Near	 00000000 FLAT	Length= 00000000 External STDCALL
ParseInteger32 . . . . . . . . .	P Near	 00000000 FLAT	Length= 00000000 External STDCALL
PeekConsoleInputA  . . . . . . .	P Near	 00000000 FLAT	Length= 00000000 External STDCALL
Random32 . . . . . . . . . . . .	P Near	 00000000 FLAT	Length= 00000000 External STDCALL
RandomRange  . . . . . . . . . .	P Near	 00000000 FLAT	Length= 00000000 External STDCALL
Randomize  . . . . . . . . . . .	P Near	 00000000 FLAT	Length= 00000000 External STDCALL
ReadChar . . . . . . . . . . . .	P Near	 00000000 FLAT	Length= 00000000 External STDCALL
ReadConsoleA . . . . . . . . . .	P Near	 00000000 FLAT	Length= 00000000 External STDCALL
ReadConsoleInputA  . . . . . . .	P Near	 00000000 FLAT	Length= 00000000 External STDCALL
ReadDec  . . . . . . . . . . . .	P Near	 00000000 FLAT	Length= 00000000 External STDCALL
ReadFile . . . . . . . . . . . .	P Near	 00000000 FLAT	Length= 00000000 External STDCALL
ReadFloat  . . . . . . . . . . .	P Near	 00000000 FLAT	Length= 00000000 External STDCALL
ReadFromFile . . . . . . . . . .	P Near	 00000000 FLAT	Length= 00000000 External STDCALL
ReadHex  . . . . . . . . . . . .	P Near	 00000000 FLAT	Length= 00000000 External STDCALL
ReadInt  . . . . . . . . . . . .	P Near	 00000000 FLAT	Length= 00000000 External STDCALL
ReadKeyFlush . . . . . . . . . .	P Near	 00000000 FLAT	Length= 00000000 External STDCALL
ReadKey  . . . . . . . . . . . .	P Near	 00000000 FLAT	Length= 00000000 External STDCALL
ReadString . . . . . . . . . . .	P Near	 00000000 FLAT	Length= 00000000 External STDCALL
ReadVal  . . . . . . . . . . . .	P Near	 00000016 _TEXT	Length= 000000D0 Public STDCALL
  _getInput  . . . . . . . . . .	L Near	 00000016 _TEXT	
  _error . . . . . . . . . . . .	L Near	 00000032 _TEXT	
  _checkSign . . . . . . . . . .	L Near	 00000046 _TEXT	
  _negative  . . . . . . . . . .	L Near	 00000051 _TEXT	
  _positive  . . . . . . . . . .	L Near	 0000005E _TEXT	
  _unsigned  . . . . . . . . . .	L Near	 0000006B _TEXT	
  _processString . . . . . . . .	L Near	 0000007A _TEXT	
  _subtractNextDigit . . . . . .	L Near	 000000A0 _TEXT	
  _addNextDigit  . . . . . . . .	L Near	 000000AA _TEXT	
  _nextDigit . . . . . . . . . .	L Near	 000000B4 _TEXT	
  _checkFinalSize  . . . . . . .	L Near	 000000B8 _TEXT	
  _saveResult  . . . . . . . . .	L Near	 000000DB _TEXT	
SetConsoleCursorInfo . . . . . .	P Near	 00000000 FLAT	Length= 00000000 External STDCALL
SetConsoleCursorPosition . . . .	P Near	 00000000 FLAT	Length= 00000000 External STDCALL
SetConsoleMode . . . . . . . . .	P Near	 00000000 FLAT	Length= 00000000 External STDCALL
SetConsoleScreenBufferSize . . .	P Near	 00000000 FLAT	Length= 00000000 External STDCALL
SetConsoleTextAttribute  . . . .	P Near	 00000000 FLAT	Length= 00000000 External STDCALL
SetConsoleTitleA . . . . . . . .	P Near	 00000000 FLAT	Length= 00000000 External STDCALL
SetConsoleWindowInfo . . . . . .	P Near	 00000000 FLAT	Length= 00000000 External STDCALL
SetFilePointer . . . . . . . . .	P Near	 00000000 FLAT	Length= 00000000 External STDCALL
SetLocalTime . . . . . . . . . .	P Near	 00000000 FLAT	Length= 00000000 External STDCALL
SetTextColor . . . . . . . . . .	P Near	 00000000 FLAT	Length= 00000000 External STDCALL
ShowFPUStack . . . . . . . . . .	P Near	 00000000 FLAT	Length= 00000000 External STDCALL
Sleep  . . . . . . . . . . . . .	P Near	 00000000 FLAT	Length= 00000000 External STDCALL
StrLength  . . . . . . . . . . .	P Near	 00000000 FLAT	Length= 00000000 External STDCALL
Str_compare  . . . . . . . . . .	P Near	 00000000 FLAT	Length= 00000000 External STDCALL
Str_copy . . . . . . . . . . . .	P Near	 00000000 FLAT	Length= 00000000 External STDCALL
Str_length . . . . . . . . . . .	P Near	 00000000 FLAT	Length= 00000000 External STDCALL
Str_trim . . . . . . . . . . . .	P Near	 00000000 FLAT	Length= 00000000 External STDCALL
Str_ucase  . . . . . . . . . . .	P Near	 00000000 FLAT	Length= 00000000 External STDCALL
SystemTimeToFileTime . . . . . .	P Near	 00000000 FLAT	Length= 00000000 External STDCALL
TruncatedAverage . . . . . . . .	P Near	 000000E8 _TEXT	Length= 00000001 Public STDCALL
WaitMsg  . . . . . . . . . . . .	P Near	 00000000 FLAT	Length= 00000000 External STDCALL
WriteBinB  . . . . . . . . . . .	P Near	 00000000 FLAT	Length= 00000000 External STDCALL
WriteBin . . . . . . . . . . . .	P Near	 00000000 FLAT	Length= 00000000 External STDCALL
WriteChar  . . . . . . . . . . .	P Near	 00000000 FLAT	Length= 00000000 External STDCALL
WriteConsoleA  . . . . . . . . .	P Near	 00000000 FLAT	Length= 00000000 External STDCALL
WriteConsoleOutputAttribute  . .	P Near	 00000000 FLAT	Length= 00000000 External STDCALL
WriteConsoleOutputCharacterA . .	P Near	 00000000 FLAT	Length= 00000000 External STDCALL
WriteDec . . . . . . . . . . . .	P Near	 00000000 FLAT	Length= 00000000 External STDCALL
WriteFile  . . . . . . . . . . .	P Near	 00000000 FLAT	Length= 00000000 External STDCALL
WriteFloat . . . . . . . . . . .	P Near	 00000000 FLAT	Length= 00000000 External STDCALL
WriteHexB  . . . . . . . . . . .	P Near	 00000000 FLAT	Length= 00000000 External STDCALL
WriteHex . . . . . . . . . . . .	P Near	 00000000 FLAT	Length= 00000000 External STDCALL
WriteInt . . . . . . . . . . . .	P Near	 00000000 FLAT	Length= 00000000 External STDCALL
WriteStackFrameName  . . . . . .	P Near	 00000000 FLAT	Length= 00000000 External STDCALL
WriteStackFrame  . . . . . . . .	P Near	 00000000 FLAT	Length= 00000000 External STDCALL
WriteString  . . . . . . . . . .	P Near	 00000000 FLAT	Length= 00000000 External STDCALL
WriteToFile  . . . . . . . . . .	P Near	 00000000 FLAT	Length= 00000000 External STDCALL
WriteVal . . . . . . . . . . . .	P Near	 000000E6 _TEXT	Length= 00000001 Public STDCALL
WriteWindowsMsg  . . . . . . . .	P Near	 00000000 FLAT	Length= 00000000 External STDCALL
main . . . . . . . . . . . . . .	P Near	 00000000 _TEXT	Length= 00000016 Public STDCALL
printf . . . . . . . . . . . . .	P Near	 00000000 FLAT	Length= 00000000 External C
scanf  . . . . . . . . . . . . .	P Near	 00000000 FLAT	Length= 00000000 External C
wsprintfA  . . . . . . . . . . .	P Near	 00000000 FLAT	Length= 00000000 External C


Symbols:

                N a m e                 Type     Value    Attr

@CodeSize  . . . . . . . . . . .	Number	 00000000h   
@DataSize  . . . . . . . . . . .	Number	 00000000h   
@Interface . . . . . . . . . . .	Number	 00000003h   
@Model . . . . . . . . . . . . .	Number	 00000007h   
@code  . . . . . . . . . . . . .	Text   	 _TEXT
@data  . . . . . . . . . . . . .	Text   	 FLAT
@fardata?  . . . . . . . . . . .	Text   	 FLAT
@fardata . . . . . . . . . . . .	Text   	 FLAT
@stack . . . . . . . . . . . . .	Text   	 FLAT
ALT_MASK . . . . . . . . . . . .	Number	 00000003h   
ASCII_MINUS  . . . . . . . . . .	Number	 0000002Dh   
ASCII_NINE . . . . . . . . . . .	Number	 00000039h   
ASCII_PLUS . . . . . . . . . . .	Number	 0000002Bh   
ASCII_ZERO . . . . . . . . . . .	Number	 00000030h   
CAPSLOCK_ON  . . . . . . . . . .	Number	 00000080h   
CREATE_ALWAYS  . . . . . . . . .	Number	 00000002h   
CREATE_NEW . . . . . . . . . . .	Number	 00000001h   
CTRL_MASK  . . . . . . . . . . .	Number	 0000000Ch   
CreateFile . . . . . . . . . . .	Text   	 CreateFileA
DO_NOT_SHARE . . . . . . . . . .	Number	 00000000h   
ENABLE_ECHO_INPUT  . . . . . . .	Number	 00000004h   
ENABLE_LINE_INPUT  . . . . . . .	Number	 00000002h   
ENABLE_MOUSE_INPUT . . . . . . .	Number	 00000010h   
ENABLE_PROCESSED_INPUT . . . . .	Number	 00000001h   
ENABLE_PROCESSED_OUTPUT  . . . .	Number	 00000001h   
ENABLE_WINDOW_INPUT  . . . . . .	Number	 00000008h   
ENABLE_WRAP_AT_EOL_OUTPUT  . . .	Number	 00000002h   
ENHANCED_KEY . . . . . . . . . .	Number	 00000100h   
FALSE  . . . . . . . . . . . . .	Number	 00000000h   
FILE_APPEND_DATA . . . . . . . .	Number	 00000004h   
FILE_ATTRIBUTE_ARCHIVE . . . . .	Number	 00000020h   
FILE_ATTRIBUTE_COMPRESSED  . . .	Number	 00000800h   
FILE_ATTRIBUTE_DEVICE  . . . . .	Number	 00000040h   
FILE_ATTRIBUTE_DIRECTORY . . . .	Number	 00000010h   
FILE_ATTRIBUTE_ENCRYPTED . . . .	Number	 00004000h   
FILE_ATTRIBUTE_HIDDEN  . . . . .	Number	 00000002h   
FILE_ATTRIBUTE_NORMAL  . . . . .	Number	 00000080h   
FILE_ATTRIBUTE_NOT_CONTENT_INDEXED .	Number	 00002000h   
FILE_ATTRIBUTE_OFFLINE . . . . .	Number	 00001000h   
FILE_ATTRIBUTE_READONLY  . . . .	Number	 00000001h   
FILE_ATTRIBUTE_REPARSE_POINT . .	Number	 00000400h   
FILE_ATTRIBUTE_SPARSE_FILE . . .	Number	 00000200h   
FILE_ATTRIBUTE_SYSTEM  . . . . .	Number	 00000004h   
FILE_ATTRIBUTE_TEMPORARY . . . .	Number	 00000100h   
FILE_BEGIN . . . . . . . . . . .	Number	 00000000h   
FILE_CURRENT . . . . . . . . . .	Number	 00000001h   
FILE_DELETE_CHILD  . . . . . . .	Number	 00000040h   
FILE_END . . . . . . . . . . . .	Number	 00000002h   
FILE_READ_DATA . . . . . . . . .	Number	 00000001h   
FILE_SHARE_DELETE  . . . . . . .	Number	 00000004h   
FILE_SHARE_READ  . . . . . . . .	Number	 00000001h   
FILE_SHARE_WRITE . . . . . . . .	Number	 00000002h   
FILE_WRITE_DATA  . . . . . . . .	Number	 00000002h   
FOCUS_EVENT  . . . . . . . . . .	Number	 00000010h   
FORMAT_MESSAGE_ALLOCATE_BUFFER .	Number	 00000100h   
FORMAT_MESSAGE_FROM_SYSTEM . . .	Number	 00001000h   
FormatMessage  . . . . . . . . .	Text   	 FormatMessageA
GENERIC_ALL  . . . . . . . . . .	Number	 10000000h   
GENERIC_EXECUTE  . . . . . . . .	Number	 20000000h   
GENERIC_READ . . . . . . . . . .	Number	 -80000000h   
GENERIC_WRITE  . . . . . . . . .	Number	 40000000h   
GetCommandLine . . . . . . . . .	Text   	 GetCommandLineA
HANDLE . . . . . . . . . . . . .	Text   	 DWORD
HEAP_GENERATE_EXCEPTIONS . . . .	Number	 00000004h   
HEAP_GROWABLE  . . . . . . . . .	Number	 00000002h   
HEAP_NO_SERIALIZE  . . . . . . .	Number	 00000001h   
HEAP_REALLOC_IN_PLACE_ONLY . . .	Number	 00000010h   
HEAP_ZERO_MEMORY . . . . . . . .	Number	 00000008h   
IDABORT  . . . . . . . . . . . .	Number	 00000003h   
IDCANCEL . . . . . . . . . . . .	Number	 00000002h   
IDCLOSE  . . . . . . . . . . . .	Number	 00000008h   
IDCONTINUE . . . . . . . . . . .	Number	 0000000Bh   
IDHELP . . . . . . . . . . . . .	Number	 00000009h   
IDIGNORE . . . . . . . . . . . .	Number	 00000005h   
IDNO . . . . . . . . . . . . . .	Number	 00000007h   
IDOK . . . . . . . . . . . . . .	Number	 00000001h   
IDRETRY  . . . . . . . . . . . .	Number	 00000004h   
IDTIMEOUT  . . . . . . . . . . .	Number	 00007D00h   
IDTRYAGAIN . . . . . . . . . . .	Number	 0000000Ah   
IDYES  . . . . . . . . . . . . .	Number	 00000006h   
INVALID_HANDLE_VALUE . . . . . .	Number	 -00000001h   
KBDOWN_FLAG  . . . . . . . . . .	Number	 00000001h   
KEY_EVENT  . . . . . . . . . . .	Number	 00000001h   
KEY_MASKS  . . . . . . . . . . .	Number	 0000001Fh   
LEFT_ALT_PRESSED . . . . . . . .	Number	 00000002h   
LEFT_CTRL_PRESSED  . . . . . . .	Number	 00000008h   
MAX_POS_VALUE  . . . . . . . . .	Number	 7FFFFFFFh   
MB_ABORTRETRYIGNORE  . . . . . .	Number	 00000002h   
MB_APPLMODAL . . . . . . . . . .	Number	 00000000h   
MB_CANCELTRYCONTINUE . . . . . .	Number	 00000006h   
MB_DEFBUTTON1  . . . . . . . . .	Number	 00000000h   
MB_DEFBUTTON2  . . . . . . . . .	Number	 00000100h   
MB_DEFBUTTON3  . . . . . . . . .	Number	 00000200h   
MB_DEFBUTTON4  . . . . . . . . .	Number	 00000300h   
MB_HELP  . . . . . . . . . . . .	Number	 00004000h   
MB_ICONASTERISK  . . . . . . . .	Number	 00000040h   
MB_ICONERROR . . . . . . . . . .	Number	 00000010h   
MB_ICONEXCLAMATION . . . . . . .	Number	 00000030h   
MB_ICONHAND  . . . . . . . . . .	Number	 00000010h   
MB_ICONINFORMATION . . . . . . .	Number	 00000040h   
MB_ICONQUESTION  . . . . . . . .	Number	 00000020h   
MB_ICONSTOP  . . . . . . . . . .	Number	 00000010h   
MB_ICONWARNING . . . . . . . . .	Number	 00000030h   
MB_OKCANCEL  . . . . . . . . . .	Number	 00000001h   
MB_OK  . . . . . . . . . . . . .	Number	 00000000h   
MB_RETRYCANCEL . . . . . . . . .	Number	 00000005h   
MB_SYSTEMMODAL . . . . . . . . .	Number	 00001000h   
MB_TASKMODAL . . . . . . . . . .	Number	 00002000h   
MB_USERICON  . . . . . . . . . .	Number	 00000080h   
MB_YESNOCANCEL . . . . . . . . .	Number	 00000003h   
MB_YESNO . . . . . . . . . . . .	Number	 00000004h   
MENU_EVENT . . . . . . . . . . .	Number	 00000008h   
MOUSE_EVENT  . . . . . . . . . .	Number	 00000002h   
MessageBox . . . . . . . . . . .	Text   	 MessageBoxA
NULL . . . . . . . . . . . . . .	Number	 00000000h   
NUMLOCK_ON . . . . . . . . . . .	Number	 00000020h   
OPEN_ALWAYS  . . . . . . . . . .	Number	 00000004h   
OPEN_EXISTING  . . . . . . . . .	Number	 00000003h   
PeekConsoleInput . . . . . . . .	Text   	 PeekConsoleInputA
RIGHT_ALT_PRESSED  . . . . . . .	Number	 00000001h   
RIGHT_CTRL_PRESSED . . . . . . .	Number	 00000004h   
ReadConsoleInput . . . . . . . .	Text   	 ReadConsoleInputA
ReadConsole  . . . . . . . . . .	Text   	 ReadConsoleA
SCROLLLOCK_ON  . . . . . . . . .	Number	 00000040h   
SHIFT_MASK . . . . . . . . . . .	Number	 00000010h   
SHIFT_PRESSED  . . . . . . . . .	Number	 00000010h   
STD_ERROR_HANDLE . . . . . . . .	Number	 -0000000Ch   
STD_INPUT_HANDLE . . . . . . . .	Number	 -0000000Ah   
STD_OUTPUT_HANDLE  . . . . . . .	Number	 -0000000Bh   
SetConsoleTitle  . . . . . . . .	Text   	 SetConsoleTitleA
TAB  . . . . . . . . . . . . . .	Number	 00000009h   
TRUE . . . . . . . . . . . . . .	Number	 00000001h   
TRUNCATE_EXISTING  . . . . . . .	Number	 00000005h   
VK_11  . . . . . . . . . . . . .	Number	 000000BDh   
VK_12  . . . . . . . . . . . . .	Number	 000000BBh   
VK_ADD . . . . . . . . . . . . .	Number	 0000006Bh   
VK_BACK  . . . . . . . . . . . .	Number	 00000008h   
VK_CANCEL  . . . . . . . . . . .	Number	 00000003h   
VK_CAPITAL . . . . . . . . . . .	Number	 00000014h   
VK_CLEAR . . . . . . . . . . . .	Number	 0000000Ch   
VK_CONTROL . . . . . . . . . . .	Number	 00000011h   
VK_DECIMAL . . . . . . . . . . .	Number	 0000006Eh   
VK_DELETE  . . . . . . . . . . .	Number	 0000002Eh   
VK_DIVIDE  . . . . . . . . . . .	Number	 0000006Fh   
VK_DOWN  . . . . . . . . . . . .	Number	 00000028h   
VK_END . . . . . . . . . . . . .	Number	 00000023h   
VK_ESCAPE  . . . . . . . . . . .	Number	 0000001Bh   
VK_EXECUTE . . . . . . . . . . .	Number	 0000002Bh   
VK_F10 . . . . . . . . . . . . .	Number	 00000079h   
VK_F11 . . . . . . . . . . . . .	Number	 0000007Ah   
VK_F12 . . . . . . . . . . . . .	Number	 0000007Bh   
VK_F13 . . . . . . . . . . . . .	Number	 0000007Ch   
VK_F14 . . . . . . . . . . . . .	Number	 0000007Dh   
VK_F15 . . . . . . . . . . . . .	Number	 0000007Eh   
VK_F16 . . . . . . . . . . . . .	Number	 0000007Fh   
VK_F17 . . . . . . . . . . . . .	Number	 00000080h   
VK_F18 . . . . . . . . . . . . .	Number	 00000081h   
VK_F19 . . . . . . . . . . . . .	Number	 00000082h   
VK_F1  . . . . . . . . . . . . .	Number	 00000070h   
VK_F20 . . . . . . . . . . . . .	Number	 00000083h   
VK_F21 . . . . . . . . . . . . .	Number	 00000084h   
VK_F22 . . . . . . . . . . . . .	Number	 00000085h   
VK_F23 . . . . . . . . . . . . .	Number	 00000086h   
VK_F24 . . . . . . . . . . . . .	Number	 00000087h   
VK_F2  . . . . . . . . . . . . .	Number	 00000071h   
VK_F3  . . . . . . . . . . . . .	Number	 00000072h   
VK_F4  . . . . . . . . . . . . .	Number	 00000073h   
VK_F5  . . . . . . . . . . . . .	Number	 00000074h   
VK_F6  . . . . . . . . . . . . .	Number	 00000075h   
VK_F7  . . . . . . . . . . . . .	Number	 00000076h   
VK_F8  . . . . . . . . . . . . .	Number	 00000077h   
VK_F9  . . . . . . . . . . . . .	Number	 00000078h   
VK_HELP  . . . . . . . . . . . .	Number	 0000002Fh   
VK_HOME  . . . . . . . . . . . .	Number	 00000024h   
VK_INSERT  . . . . . . . . . . .	Number	 0000002Dh   
VK_LBUTTON . . . . . . . . . . .	Number	 00000001h   
VK_LCONTROL  . . . . . . . . . .	Number	 000000A2h   
VK_LEFT  . . . . . . . . . . . .	Number	 00000025h   
VK_LMENU . . . . . . . . . . . .	Number	 000000A4h   
VK_LSHIFT  . . . . . . . . . . .	Number	 000000A0h   
VK_MENU  . . . . . . . . . . . .	Number	 00000012h   
VK_MULTIPLY  . . . . . . . . . .	Number	 0000006Ah   
VK_NEXT  . . . . . . . . . . . .	Number	 00000022h   
VK_NUMLOCK . . . . . . . . . . .	Number	 00000090h   
VK_NUMPAD0 . . . . . . . . . . .	Number	 00000060h   
VK_NUMPAD1 . . . . . . . . . . .	Number	 00000061h   
VK_NUMPAD2 . . . . . . . . . . .	Number	 00000062h   
VK_NUMPAD3 . . . . . . . . . . .	Number	 00000063h   
VK_NUMPAD4 . . . . . . . . . . .	Number	 00000064h   
VK_NUMPAD5 . . . . . . . . . . .	Number	 00000065h   
VK_NUMPAD6 . . . . . . . . . . .	Number	 00000066h   
VK_NUMPAD7 . . . . . . . . . . .	Number	 00000067h   
VK_NUMPAD8 . . . . . . . . . . .	Number	 00000068h   
VK_NUMPAD9 . . . . . . . . . . .	Number	 00000069h   
VK_PAUSE . . . . . . . . . . . .	Number	 00000013h   
VK_PRINT . . . . . . . . . . . .	Number	 0000002Ah   
VK_PRIOR . . . . . . . . . . . .	Number	 00000021h   
VK_RBUTTON . . . . . . . . . . .	Number	 00000002h   
VK_RCONTROL  . . . . . . . . . .	Number	 000000A3h   
VK_RETURN  . . . . . . . . . . .	Number	 0000000Dh   
VK_RIGHT . . . . . . . . . . . .	Number	 00000027h   
VK_RMENU . . . . . . . . . . . .	Number	 000000A5h   
VK_RSHIFT  . . . . . . . . . . .	Number	 000000A1h   
VK_SCROLL  . . . . . . . . . . .	Number	 00000091h   
VK_SEPARATER . . . . . . . . . .	Number	 0000006Ch   
VK_SHIFT . . . . . . . . . . . .	Number	 00000010h   
VK_SNAPSHOT  . . . . . . . . . .	Number	 0000002Ch   
VK_SPACE . . . . . . . . . . . .	Number	 00000020h   
VK_SUBTRACT  . . . . . . . . . .	Number	 0000006Dh   
VK_TAB . . . . . . . . . . . . .	Number	 00000009h   
VK_UP  . . . . . . . . . . . . .	Number	 00000026h   
WINDOW_BUFFER_SIZE_EVENT . . . .	Number	 00000004h   
WriteConsoleOutputCharacter  . .	Text   	 WriteConsoleOutputCharacterA
WriteConsole . . . . . . . . . .	Text   	 WriteConsoleA
average  . . . . . . . . . . . .	DWord	 00000345 _DATA	
black  . . . . . . . . . . . . .	Number	 00000000h   
blue . . . . . . . . . . . . . .	Number	 00000001h   
brown  . . . . . . . . . . . . .	Number	 00000006h   
currentDigit . . . . . . . . . .	DWord	 0000034D _DATA	
cyan . . . . . . . . . . . . . .	Number	 00000003h   
errorMessage . . . . . . . . . .	Byte	 00000246 _DATA	
exit . . . . . . . . . . . . . .	Text   	 INVOKE ExitProcess,0
gray . . . . . . . . . . . . . .	Number	 00000008h   
green  . . . . . . . . . . . . .	Number	 00000002h   
greeting . . . . . . . . . . . .	Byte	 00000000 _DATA	
inputLength  . . . . . . . . . .	DWord	 00000315 _DATA	
lightBlue  . . . . . . . . . . .	Number	 00000009h   
lightCyan  . . . . . . . . . . .	Number	 0000000Bh   
lightGray  . . . . . . . . . . .	Number	 00000007h   
lightGreen . . . . . . . . . . .	Number	 0000000Ah   
lightMagenta . . . . . . . . . .	Number	 0000000Dh   
lightRed . . . . . . . . . . . .	Number	 0000000Ch   
magenta  . . . . . . . . . . . .	Number	 00000005h   
negativeInput  . . . . . . . . .	DWord	 00000351 _DATA	
potentialInput . . . . . . . . .	DWord	 00000349 _DATA	
pushedChars  . . . . . . . . . .	DWord	 00000355 _DATA	
red  . . . . . . . . . . . . . .	Number	 00000004h   
testString . . . . . . . . . . .	Byte	 0000030A _DATA	
userInput  . . . . . . . . . . .	Byte	 000002A6 _DATA	
validCount . . . . . . . . . . .	DWord	 00000319 _DATA	
validInputs  . . . . . . . . . .	DWord	 0000031D _DATA	
white  . . . . . . . . . . . . .	Number	 0000000Fh   
wsprintf . . . . . . . . . . . .	Text   	 wsprintfA
yellow . . . . . . . . . . . . .	Number	 0000000Eh   

	   0 Warnings
	   0 Errors
